Archive member included to satisfy reference by file (symbol)

app/libapp.a(main.c.obj)      (--whole-archive)
zephyr/libzephyr.a(heap.c.obj)
                              (--whole-archive)
zephyr/libzephyr.a(cbprintf_packaged.c.obj)
                              (--whole-archive)
zephyr/libzephyr.a(printk.c.obj)
                              (--whole-archive)
zephyr/libzephyr.a(sem.c.obj)
                              (--whole-archive)
zephyr/libzephyr.a(thread_entry.c.obj)
                              (--whole-archive)
zephyr/libzephyr.a(cbprintf_complete.c.obj)
                              (--whole-archive)
zephyr/libzephyr.a(assert.c.obj)
                              (--whole-archive)
zephyr/libzephyr.a(mpsc_pbuf.c.obj)
                              (--whole-archive)
zephyr/libzephyr.a(dec.c.obj)
                              (--whole-archive)
zephyr/libzephyr.a(hex.c.obj)
                              (--whole-archive)
zephyr/libzephyr.a(rb.c.obj)  (--whole-archive)
zephyr/libzephyr.a(timeutil.c.obj)
                              (--whole-archive)
zephyr/libzephyr.a(bitarray.c.obj)
                              (--whole-archive)
zephyr/libzephyr.a(configs.c.obj)
                              (--whole-archive)
zephyr/libzephyr.a(soc_irq.S.obj)
                              (--whole-archive)
zephyr/libzephyr.a(soc_common_irq.c.obj)
                              (--whole-archive)
zephyr/libzephyr.a(vector.S.obj)
                              (--whole-archive)
zephyr/libzephyr.a(thread_analyzer.c.obj)
                              (--whole-archive)
zephyr/libzephyr.a(log_core.c.obj)
                              (--whole-archive)
zephyr/libzephyr.a(log_mgmt.c.obj)
                              (--whole-archive)
zephyr/libzephyr.a(log_cache.c.obj)
                              (--whole-archive)
zephyr/libzephyr.a(log_msg.c.obj)
                              (--whole-archive)
zephyr/libzephyr.a(log_output.c.obj)
                              (--whole-archive)
zephyr/libzephyr.a(log_backend_rtt.c.obj)
                              (--whole-archive)
zephyr/libzephyr.a(tracing_none.c.obj)
                              (--whole-archive)
zephyr/libzephyr.a(banner.c.obj)
                              (--whole-archive)
zephyr/libzephyr.a(flash_map_partition_manager.c.obj)
                              (--whole-archive)
zephyr/arch/common/libarch__common.a(sw_isr_common.c.obj)
                              (--whole-archive)
zephyr/arch/arch/riscv/core/libarch__riscv__core.a(cpu_idle.c.obj)
                              (--whole-archive)
zephyr/arch/arch/riscv/core/libarch__riscv__core.a(fatal.c.obj)
                              (--whole-archive)
zephyr/arch/arch/riscv/core/libarch__riscv__core.a(irq_manage.c.obj)
                              (--whole-archive)
zephyr/arch/arch/riscv/core/libarch__riscv__core.a(prep_c.c.obj)
                              (--whole-archive)
zephyr/arch/arch/riscv/core/libarch__riscv__core.a(reboot.c.obj)
                              (--whole-archive)
zephyr/arch/arch/riscv/core/libarch__riscv__core.a(reset.S.obj)
                              (--whole-archive)
zephyr/arch/arch/riscv/core/libarch__riscv__core.a(switch.S.obj)
                              (--whole-archive)
zephyr/arch/arch/riscv/core/libarch__riscv__core.a(thread.c.obj)
                              (--whole-archive)
zephyr/arch/arch/riscv/core/libarch__riscv__core.a(isr.S.obj)
                              (--whole-archive)
zephyr/arch/arch/riscv/core/libarch__riscv__core.a(tls.c.obj)
                              (--whole-archive)
zephyr/arch/arch/riscv/core/libarch__riscv__core.a(stacktrace.c.obj)
                              (--whole-archive)
zephyr/lib/libc/picolibc/liblib__libc__picolibc.a(assert.c.obj)
                              (--whole-archive)
zephyr/lib/libc/picolibc/liblib__libc__picolibc.a(cbprintf.c.obj)
                              (--whole-archive)
zephyr/lib/libc/picolibc/liblib__libc__picolibc.a(chk_fail.c.obj)
                              (--whole-archive)
zephyr/lib/libc/picolibc/liblib__libc__picolibc.a(errno_wrap.c.obj)
                              (--whole-archive)
zephyr/lib/libc/picolibc/liblib__libc__picolibc.a(exit.c.obj)
                              (--whole-archive)
zephyr/lib/libc/picolibc/liblib__libc__picolibc.a(locks.c.obj)
                              (--whole-archive)
zephyr/lib/libc/picolibc/liblib__libc__picolibc.a(stdio.c.obj)
                              (--whole-archive)
zephyr/lib/libc/common/liblib__libc__common.a(abort.c.obj)
                              (--whole-archive)
zephyr/lib/libc/common/liblib__libc__common.a(malloc.c.obj)
                              (--whole-archive)
zephyr/soc/soc/nrf54l15/libsoc__nordic.a(validate_base_addresses.c.obj)
                              (--whole-archive)
zephyr/soc/soc/nrf54l15/libsoc__nordic.a(validate_binding_headers.c.obj)
                              (--whole-archive)
[...]
Memory Configuration

Name             Origin             Length             Attributes
RAM              0x0000000020028000 0x0000000000018000 xrw
IDT_LIST         0x00000000fffff7ff 0x0000000000000800 xw
*default*        0x0000000000000000 0xffffffffffffffff

Linker script and memory map

                0x0000000020034e12                vfprintf = __l_vfprintf
                0x0000000000000000                vfscanf = __l_vfscanf
LOAD zephyr/CMakeFiles/zephyr_final.dir/misc/empty_file.c.obj
LOAD zephyr/CMakeFiles/zephyr_final.dir/isr_tables.c.obj
LOAD zephyr/CMakeFiles/offsets.dir/./arch/riscv/core/offsets/offsets.c.obj
LOAD app/libapp.a
LOAD zephyr/libzephyr.a
LOAD zephyr/arch/common/libarch__common.a
LOAD zephyr/arch/arch/riscv/core/libarch__riscv__core.a
LOAD zephyr/lib/libc/picolibc/liblib__libc__picolibc.a
LOAD zephyr/lib/libc/common/liblib__libc__common.a
LOAD zephyr/soc/soc/nrf54l15/libsoc__nordic.a
LOAD zephyr/drivers/interrupt_controller/libdrivers__interrupt_controller.a
LOAD zephyr/drivers/console/libdrivers__console.a
LOAD zephyr/drivers/gpio/libdrivers__gpio.a
LOAD zephyr/drivers/pinctrl/libdrivers__pinctrl.a
LOAD zephyr/drivers/serial/libdrivers__serial.a
LOAD zephyr/drivers/timer/libdrivers__timer.a
LOAD modules/nrf/lib/dk_buttons_and_leds/lib..__nrf__lib__dk_buttons_and_leds.a
LOAD modules/hal_nordic/modules/hal_nordic/nrfx/libmodules__hal_nordic__nrfx.a
LOAD modules/segger/libmodules__segger.a
LOAD zephyr/kernel/libkernel.a
LOAD zephyr/arch/common/libisr_tables.a
LOAD c:\ncs\toolchains\b620d30767\opt\zephyr-sdk\riscv64-zephyr-elf\bin\../lib/gcc/../../picolibc/riscv64-zephyr-elf/lib/rv32emc_zicsr/ilp32e\libc.a
LOAD c:/ncs/toolchains/b620d30767/opt/zephyr-sdk/riscv64-zephyr-elf/bin/../lib/gcc/riscv64-zephyr-elf/12.2.0/rv32emc_zicsr/ilp32e\libgcc.a

.rel.plt        0x0000000000000000        0x0
 *(SORT_BY_ALIGNMENT(.rel.plt))
                [!provide]                        PROVIDE (__rel_iplt_start = .)
 *(SORT_BY_ALIGNMENT(.rel.iplt))
                [!provide]                        PROVIDE (__rel_iplt_end = .)

.rela.plt       0x0000000000000000        0x0
 *(SORT_BY_ALIGNMENT(.rela.plt))
                [!provide]                        PROVIDE (__rela_iplt_start = .)
 *(SORT_BY_ALIGNMENT(.rela.iplt))
                [!provide]                        PROVIDE (__rela_iplt_end = .)

.rel.dyn
 *(SORT_BY_ALIGNMENT(.rel.*))

.rela.dyn       0x0000000020028000        0x0
 *(SORT_BY_ALIGNMENT(.rela.*))
 .rela.text.cbvprintf_package
                0x0000000020028000        0x0 zephyr/CMakeFiles/zephyr_final.dir/isr_tables.c.obj
 .rela.text.cbprintf_package_convert
                0x0000000020028000        0x0 zephyr/CMakeFiles/zephyr_final.dir/isr_tables.c.obj
 .rela.sdata._char_out
                0x0000000020028000        0x0 zephyr/CMakeFiles/zephyr_final.dir/isr_tables.c.obj
 .rela.text.activate_foreach_backend
                0x0000000020028000        0x0 zephyr/CMakeFiles/zephyr_final.dir/isr_tables.c.obj
 .rela.text.z_log_init
                0x0000000020028000        0x0 zephyr/CMakeFiles/zephyr_final.dir/isr_tables.c.obj
 .rela.text.dropped_notify
                0x0000000020028000        0x0 zephyr/CMakeFiles/zephyr_final.dir/isr_tables.c.obj
 .rela.text.z_impl_log_process
                0x0000000020028000        0x0 zephyr/CMakeFiles/zephyr_final.dir/isr_tables.c.obj
 .rela.text.z_impl_log_panic
                0x0000000020028000        0x0 zephyr/CMakeFiles/zephyr_final.dir/isr_tables.c.obj
 .rela.text.log_process_thread_func
                0x0000000020028000        0x0 zephyr/CMakeFiles/zephyr_final.dir/isr_tables.c.obj
 .rela.text.log_source_name_get
                0x0000000020028000        0x0 zephyr/CMakeFiles/zephyr_final.dir/isr_tables.c.obj
 .rela.text.log_backend_enable
                0x0000000020028000        0x0 zephyr/CMakeFiles/zephyr_final.dir/isr_tables.c.obj
 .rela.text.log_msg_get_source_id
                0x0000000020028000        0x0 zephyr/CMakeFiles/zephyr_final.dir/isr_tables.c.obj
 .rela.text.arch_tls_stack_setup
                0x0000000020028000        0x0 zephyr/CMakeFiles/zephyr_final.dir/isr_tables.c.obj
 .rela.text.walk_stackframe
                0x0000000020028000        0x0 zephyr/CMakeFiles/zephyr_final.dir/isr_tables.c.obj
 .rela.text.malloc_prepare
                0x0000000020028000        0x0 zephyr/CMakeFiles/zephyr_final.dir/isr_tables.c.obj
 .rela.text.bg_thread_main
                0x0000000020028000        0x0 zephyr/CMakeFiles/zephyr_final.dir/isr_tables.c.obj
 .rela.text.z_bss_zero
                0x0000000020028000        0x0 zephyr/CMakeFiles/zephyr_final.dir/isr_tables.c.obj
 .rela.rodata.levels.0
                0x0000000020028000        0x0 zephyr/CMakeFiles/zephyr_final.dir/isr_tables.c.obj
 .rela.text.z_device_state_init
                0x0000000020028000        0x0 zephyr/CMakeFiles/zephyr_final.dir/isr_tables.c.obj
 .rela.text.statics_init
                0x0000000020028000        0x0 zephyr/CMakeFiles/zephyr_final.dir/isr_tables.c.obj

.plt
 *(SORT_BY_ALIGNMENT(.plt))

.iplt
 *(SORT_BY_ALIGNMENT(.iplt))
                0x0000000020028000                __rom_region_start = 0x20028000

rom_start       0x0000000020028000      0x57c
                0x0000000020028000                . = ALIGN (0x10)
 *(SORT_BY_ALIGNMENT(.vectors.*))
 .vectors.__start
                0x0000000020028000       0x20 zephyr/libzephyr.a(vector.S.obj)
                0x0000000020028000                __start
                0x0000000020028100                . = ALIGN (0x100)
 *fill*         0x0000000020028020       0xe0 
 *(SORT_BY_ALIGNMENT(.gnu.linkonce.irq_vector_table*))
 .gnu.linkonce.irq_vector_table
                0x0000000020028100      0x47c zephyr/CMakeFiles/zephyr_final.dir/isr_tables.c.obj
                0x0000000020028100                _irq_vector_table
                0x000000002002857c                _vector_end = .

reset           0x000000002002857c        0x4
 *(SORT_BY_ALIGNMENT(.reset.*))
 .reset.__reset
                0x000000002002857c        0x4 zephyr/arch/arch/riscv/core/libarch__riscv__core.a(reset.S.obj)
                0x000000002002857c                __reset

exceptions      0x0000000020028580      0x1ca
 *(SORT_BY_ALIGNMENT(.exception.entry.*))
 .exception.entry._isr_wrapper
                0x0000000020028580      0x1ae zephyr/arch/arch/riscv/core/libarch__riscv__core.a(isr.S.obj)
                0x0000000020028580                _isr_wrapper
                0x000000002002869c                z_riscv_thread_start
 *(SORT_BY_ALIGNMENT(.exception.other.*))
 *fill*         0x000000002002872e        0x2 
 .exception.other.__soc_save_context
                0x0000000020028730        0xa zephyr/soc/soc/nrf54l15/libsoc__nordic.a(soc_context.S.obj)
                0x0000000020028730                __soc_save_context
 *fill*         0x000000002002873a        0x2 
 .exception.other.__soc_restore_context
                0x000000002002873c        0xa zephyr/soc/soc/nrf54l15/libsoc__nordic.a(soc_context.S.obj)
                0x000000002002873c                __soc_restore_context
 *fill*         0x0000000020028746        0x2 
 .exception.other.__soc_handle_irq
                0x0000000020028748        0x2 zephyr/drivers/interrupt_controller/libdrivers__interrupt_controller.a(intc_nrfx_clic.S.obj)
                0x0000000020028748                __soc_handle_irq

text            0x000000002002874c     0xccc2
                0x000000002002874c                . = ALIGN (0x4)
 *(SORT_BY_ALIGNMENT(.openocd_debug))
 *(SORT_BY_ALIGNMENT(.openocd_debug.*))
                0x000000002002874c                __text_region_start = .
 *(SORT_BY_ALIGNMENT(.text))
 .text          0x000000002002874c       0x3c c:/ncs/toolchains/b620d30767/opt/zephyr-sdk/riscv64-zephyr-elf/bin/../lib/gcc/riscv64-zephyr-elf/12.2.0/rv32emc_zicsr/ilp32e\libgcc.a(_clzsi2.o)
                0x000000002002874c                __clzsi2
 .text          0x0000000020028788       0x3c c:/ncs/toolchains/b620d30767/opt/zephyr-sdk/riscv64-zephyr-elf/bin/../lib/gcc/riscv64-zephyr-elf/12.2.0/rv32emc_zicsr/ilp32e\libgcc.a(_ctzsi2.o)
                0x0000000020028788                __ctzsi2
 .text          0x00000000200287c4      0x360 c:/ncs/toolchains/b620d30767/opt/zephyr-sdk/riscv64-zephyr-elf/bin/../lib/gcc/riscv64-zephyr-elf/12.2.0/rv32emc_zicsr/ilp32e\libgcc.a(_udivdi3.o)
                0x00000000200287c4                __udivdi3
 *(SORT_BY_ALIGNMENT(.text.*))
 .text.__initialize
                0x0000000020028b24       0x4a zephyr/arch/arch/riscv/core/libarch__riscv__core.a(reset.S.obj)
                0x0000000020028b24                __initialize
 *fill*         0x0000000020028b6e        0x2 
 .text.z_riscv_switch
                0x0000000020028b70       0x22 zephyr/arch/arch/riscv/core/libarch__riscv__core.a(switch.S.obj)
                0x0000000020028b70                z_riscv_switch
 .text._OffsetAbsSyms
                0x0000000020028b92        0x2 zephyr/CMakeFiles/offsets.dir/./arch/riscv/core/offsets/offsets.c.obj
                0x0000000020028b92                _OffsetAbsSyms
 .text.uart_cb  0x0000000020028b94      0x14e app/libapp.a(main.c.obj)
 .text.uart_init
                0x0000000020028ce2       0x6c app/libapp.a(main.c.obj)
                0x0000000020028ce2                uart_init
 .text.uart_send
                0x0000000020028d4e       0x92 app/libapp.a(main.c.obj)
                0x0000000020028d4e                uart_send
 .text.uart_rx_cb
                0x0000000020028de0       0x2a app/libapp.a(main.c.obj)
                0x0000000020028de0                uart_rx_cb
 .text.uart_receive
                0x0000000020028e0a       0x34 app/libapp.a(main.c.obj)
                0x0000000020028e0a                uart_receive
 .text.main     0x0000000020028e3e       0xa2 app/libapp.a(main.c.obj)
                0x0000000020028e3e                main
 .text.chunk_field
                0x0000000020028ee0       0x1e zephyr/libzephyr.a(heap.c.obj)
 .text.chunk_set
                0x0000000020028efe       0x1e zephyr/libzephyr.a(heap.c.obj)
 .text.chunk_size
                0x0000000020028f1c       0x10 zephyr/libzephyr.a(heap.c.obj)
 .text.set_chunk_used
                0x0000000020028f2c       0x30 zephyr/libzephyr.a(heap.c.obj)
 .text.set_chunk_size
                0x0000000020028f5c        0x8 zephyr/libzephyr.a(heap.c.obj)
 .text.mem_to_chunkid
                0x0000000020028f64       0x18 zephyr/libzephyr.a(heap.c.obj)
 .text.bytes_to_chunksz.isra.0
                0x0000000020028f7c       0x16 zephyr/libzephyr.a(heap.c.obj)
 .text.bucket_idx.isra.0
                0x0000000020028f92       0x24 zephyr/libzephyr.a(heap.c.obj)
 .text.free_list_remove_bidx
                0x0000000020028fb6       0x72 zephyr/libzephyr.a(heap.c.obj)
 .text.free_list_remove
                0x0000000020029028       0x3c zephyr/libzephyr.a(heap.c.obj)
 .text.alloc_chunk
                0x0000000020029064       0x88 zephyr/libzephyr.a(heap.c.obj)
 .text.split_chunks
                0x00000000200290ec       0x54 zephyr/libzephyr.a(heap.c.obj)
 .text.merge_chunks
                0x0000000020029140       0x40 zephyr/libzephyr.a(heap.c.obj)
 .text.free_list_add
                0x0000000020029180       0x96 zephyr/libzephyr.a(heap.c.obj)
 .text.free_chunk
                0x0000000020029216       0x7c zephyr/libzephyr.a(heap.c.obj)
 .text.sys_heap_free
                0x0000000020029292       0xca zephyr/libzephyr.a(heap.c.obj)
                0x0000000020029292                sys_heap_free
 .text.sys_heap_alloc
                0x000000002002935c       0x6e zephyr/libzephyr.a(heap.c.obj)
                0x000000002002935c                sys_heap_alloc
 .text.sys_heap_aligned_alloc
                0x00000000200293ca      0x148 zephyr/libzephyr.a(heap.c.obj)
                0x00000000200293ca                sys_heap_aligned_alloc
 .text.sys_heap_init
                0x0000000020029512      0x18a zephyr/libzephyr.a(heap.c.obj)
                0x0000000020029512                sys_heap_init
 .text.cbvprintf_package
                0x000000002002969c      0x542 zephyr/libzephyr.a(cbprintf_packaged.c.obj)
                0x000000002002969c                cbvprintf_package
 .text.cbpprintf_external
                0x0000000020029bde       0x94 zephyr/libzephyr.a(cbprintf_packaged.c.obj)
                0x0000000020029bde                cbpprintf_external
 .text.is_ptr   0x0000000020029c72       0x64 zephyr/libzephyr.a(cbprintf_packaged.c.obj)
                0x0000000020029c72                is_ptr
 .text.cbprintf_package_convert
                0x0000000020029cd6      0x6ce zephyr/libzephyr.a(cbprintf_packaged.c.obj)
                0x0000000020029cd6                cbprintf_package_convert
 .text.arch_printk_char_out
                0x000000002002a3a4        0x4 zephyr/libzephyr.a(printk.c.obj)
                0x000000002002a3a4                arch_printk_char_out
 .text.__printk_hook_install
                0x000000002002a3a8        0xa zephyr/libzephyr.a(printk.c.obj)
                0x000000002002a3a8                __printk_hook_install
 .text.vprintk  0x000000002002a3b2        0x4 zephyr/libzephyr.a(printk.c.obj)
                0x000000002002a3b2                vprintk
 .text.printk   0x000000002002a3b6       0x20 zephyr/libzephyr.a(printk.c.obj)
                0x000000002002a3b6                printk
 .text.z_thread_entry
                0x000000002002a3d6       0x28 zephyr/libzephyr.a(thread_entry.c.obj)
                0x000000002002a3d6                z_thread_entry
 .text.assert_post_action
                0x000000002002a3fe        0xa zephyr/libzephyr.a(assert.c.obj)
                0x000000002002a3fe                assert_post_action
 .text.assert_print
                0x000000002002a408       0x1e zephyr/libzephyr.a(assert.c.obj)
                0x000000002002a408                assert_print
 .text.free_space
                0x000000002002a426       0x26 zephyr/libzephyr.a(mpsc_pbuf.c.obj)
 .text.get_usage
                0x000000002002a44c       0x28 zephyr/libzephyr.a(mpsc_pbuf.c.obj)
 .text.idx_inc  0x000000002002a474       0x1c zephyr/libzephyr.a(mpsc_pbuf.c.obj)
 .text.rd_idx_inc
                0x000000002002a490       0x1e zephyr/libzephyr.a(mpsc_pbuf.c.obj)
 .text.add_skip_item
                0x000000002002a4ae       0x44 zephyr/libzephyr.a(mpsc_pbuf.c.obj)
 .text.drop_item_locked
                0x000000002002a4f2       0xee zephyr/libzephyr.a(mpsc_pbuf.c.obj)
 .text.post_drop_action
                0x000000002002a5e0       0x46 zephyr/libzephyr.a(mpsc_pbuf.c.obj)
 .text.max_utilization_update
                0x000000002002a626       0x2a zephyr/libzephyr.a(mpsc_pbuf.c.obj)
 .text.mpsc_pbuf_init
                0x000000002002a650       0x7c zephyr/libzephyr.a(mpsc_pbuf.c.obj)
                0x000000002002a650                mpsc_pbuf_init
 .text.mpsc_pbuf_alloc
                0x000000002002a6cc      0x18a zephyr/libzephyr.a(mpsc_pbuf.c.obj)
                0x000000002002a6cc                mpsc_pbuf_alloc
 .text.mpsc_pbuf_commit
                0x000000002002a856       0xd2 zephyr/libzephyr.a(mpsc_pbuf.c.obj)
                0x000000002002a856                mpsc_pbuf_commit
 .text.mpsc_pbuf_claim
                0x000000002002a928      0x136 zephyr/libzephyr.a(mpsc_pbuf.c.obj)
                0x000000002002a928                mpsc_pbuf_claim
 .text.mpsc_pbuf_free
                0x000000002002aa5e      0x10e zephyr/libzephyr.a(mpsc_pbuf.c.obj)
                0x000000002002aa5e                mpsc_pbuf_free
 .text.mpsc_pbuf_is_pending
                0x000000002002ab6c       0xcc zephyr/libzephyr.a(mpsc_pbuf.c.obj)
                0x000000002002ab6c                mpsc_pbuf_is_pending
 .text._ConfigAbsSyms
                0x000000002002ac38        0x2 zephyr/libzephyr.a(configs.c.obj)
                0x000000002002ac38                _ConfigAbsSyms
 .text.arch_irq_enable
                0x000000002002ac3a        0x4 zephyr/libzephyr.a(soc_common_irq.c.obj)
                0x000000002002ac3a                arch_irq_enable
 .text.z_riscv_irq_priority_set
                0x000000002002ac3e        0x4 zephyr/libzephyr.a(soc_common_irq.c.obj)
                0x000000002002ac3e                z_riscv_irq_priority_set
 .text.log_msg_generic_get_wlen
                0x000000002002ac42       0x22 zephyr/libzephyr.a(log_core.c.obj)
 .text.dummy_timestamp
                0x000000002002ac64        0x4 zephyr/libzephyr.a(log_core.c.obj)
 .text.default_get_timestamp
                0x000000002002ac68        0x4 zephyr/libzephyr.a(log_core.c.obj)
 .text.atomic_inc
                0x000000002002ac6c        0x6 zephyr/libzephyr.a(log_core.c.obj)
 .text.enable_logger
                0x000000002002ac72       0x72 zephyr/libzephyr.a(log_core.c.obj)
 .text.activate_foreach_backend
                0x000000002002ace4       0x78 zephyr/libzephyr.a(log_core.c.obj)
 .text.z_log_init
                0x000000002002ad5c      0x110 zephyr/libzephyr.a(log_core.c.obj)
 .text.log_process_thread_timer_expiry_fn
                0x000000002002ae6c        0xc zephyr/libzephyr.a(log_core.c.obj)
 .text.log_format_func_t_get
                0x000000002002ae78       0x10 zephyr/libzephyr.a(log_core.c.obj)
                0x000000002002ae78                log_format_func_t_get
 .text.z_log_vprintk
                0x000000002002ae88       0x1e zephyr/libzephyr.a(log_core.c.obj)
                0x000000002002ae88                z_log_vprintk
 .text.log_set_timestamp_func
                0x000000002002aea6       0x22 zephyr/libzephyr.a(log_core.c.obj)
                0x000000002002aea6                log_set_timestamp_func
 .text.z_log_notify_backend_enabled
                0x000000002002aec8       0x2a zephyr/libzephyr.a(log_core.c.obj)
                0x000000002002aec8                z_log_notify_backend_enabled
 .text.z_log_dropped
                0x000000002002aef2       0x40 zephyr/libzephyr.a(log_core.c.obj)
                0x000000002002aef2                z_log_dropped
 .text.z_log_notify_drop
                0x000000002002af32        0x4 zephyr/libzephyr.a(log_core.c.obj)
 .text.z_log_dropped_read_and_clear
                0x000000002002af36        0xe zephyr/libzephyr.a(log_core.c.obj)
                0x000000002002af36                z_log_dropped_read_and_clear
 .text.dropped_notify
                0x000000002002af44       0x80 zephyr/libzephyr.a(log_core.c.obj)
                0x000000002002af44                dropped_notify
 .text.z_log_msg_init
                0x000000002002afc4       0x2e zephyr/libzephyr.a(log_core.c.obj)
                0x000000002002afc4                z_log_msg_init
 .text.log_core_init
                0x000000002002aff2       0x34 zephyr/libzephyr.a(log_core.c.obj)
                0x000000002002aff2                log_core_init
 .text.z_log_msg_alloc
                0x000000002002b026       0x12 zephyr/libzephyr.a(log_core.c.obj)
                0x000000002002b026                z_log_msg_alloc
 .text.z_log_msg_local_claim
                0x000000002002b038        0xc zephyr/libzephyr.a(log_core.c.obj)
                0x000000002002b038                z_log_msg_local_claim
 .text.z_log_msg_free
                0x000000002002b044        0xe zephyr/libzephyr.a(log_core.c.obj)
                0x000000002002b044                z_log_msg_free
 .text.z_log_msg_pending
                0x000000002002b052        0xc zephyr/libzephyr.a(log_core.c.obj)
                0x000000002002b052                z_log_msg_pending
 .text.z_impl_log_process
                0x000000002002b05e      0x110 zephyr/libzephyr.a(log_core.c.obj)
                0x000000002002b05e                z_impl_log_process
 .text.z_impl_log_panic
                0x000000002002b16e       0x9a zephyr/libzephyr.a(log_core.c.obj)
                0x000000002002b16e                z_impl_log_panic
 .text.log_process_thread_func
                0x000000002002b208      0x122 zephyr/libzephyr.a(log_core.c.obj)
 .text.z_log_msg_post_finalize
                0x000000002002b32a      0x11a zephyr/libzephyr.a(log_core.c.obj)
 .text.z_log_msg_commit
                0x000000002002b444       0x26 zephyr/libzephyr.a(log_core.c.obj)
                0x000000002002b444                z_log_msg_commit
 .text.z_log_get_tag
                0x000000002002b46a        0x4 zephyr/libzephyr.a(log_core.c.obj)
                0x000000002002b46a                z_log_get_tag
 .text.log_source_name_get
                0x000000002002b46e       0x22 zephyr/libzephyr.a(log_mgmt.c.obj)
                0x000000002002b46e                log_source_name_get
 .text.log_backend_enable
                0x000000002002b490       0x64 zephyr/libzephyr.a(log_mgmt.c.obj)
                0x000000002002b490                log_backend_enable
 .text.z_cbprintf_cpy
                0x000000002002b4f4       0x3a zephyr/libzephyr.a(log_msg.c.obj)
 .text.z_log_msg_finalize
                0x000000002002b52e       0x3e zephyr/libzephyr.a(log_msg.c.obj)
                0x000000002002b52e                z_log_msg_finalize
 .text.z_log_msg_simple_create
                0x000000002002b56c       0x7c zephyr/libzephyr.a(log_msg.c.obj)
 .text.z_impl_z_log_msg_simple_create_0
                0x000000002002b5e8       0x12 zephyr/libzephyr.a(log_msg.c.obj)
                0x000000002002b5e8                z_impl_z_log_msg_simple_create_0
 .text.z_impl_z_log_msg_simple_create_1
                0x000000002002b5fa       0x14 zephyr/libzephyr.a(log_msg.c.obj)
                0x000000002002b5fa                z_impl_z_log_msg_simple_create_1
 .text.z_impl_z_log_msg_simple_create_2
                0x000000002002b60e       0x16 zephyr/libzephyr.a(log_msg.c.obj)
                0x000000002002b60e                z_impl_z_log_msg_simple_create_2
 .text.z_impl_z_log_msg_static_create
                0x000000002002b624      0x1bc zephyr/libzephyr.a(log_msg.c.obj)
                0x000000002002b624                z_impl_z_log_msg_static_create
 .text.z_log_msg_runtime_vcreate
                0x000000002002b7e0      0x118 zephyr/libzephyr.a(log_msg.c.obj)
                0x000000002002b7e0                z_log_msg_runtime_vcreate
 .text.log_msg_get_source_id
                0x000000002002b8f8       0x1a zephyr/libzephyr.a(log_msg.c.obj)
                0x000000002002b8f8                log_msg_get_source_id
 .text.log_output_write
                0x000000002002b912       0x30 zephyr/libzephyr.a(log_output.c.obj)
 .text.log_output_flush
                0x000000002002b942       0x22 zephyr/libzephyr.a(log_output.c.obj)
 .text.print_formatted
                0x000000002002b964       0x26 zephyr/libzephyr.a(log_output.c.obj)
 .text.newline_print
                0x000000002002b98a       0x22 zephyr/libzephyr.a(log_output.c.obj)
 .text.out_func
                0x000000002002b9ac       0x6c zephyr/libzephyr.a(log_output.c.obj)
 .text.cr_out_func
                0x000000002002ba18       0x28 zephyr/libzephyr.a(log_output.c.obj)
 .text.log_output_process
                0x000000002002ba40      0x37e zephyr/libzephyr.a(log_output.c.obj)
                0x000000002002ba40                log_output_process
 .text.log_output_msg_process
                0x000000002002bdbe       0x76 zephyr/libzephyr.a(log_output.c.obj)
                0x000000002002bdbe                log_output_msg_process
 .text.log_output_dropped_process
                0x000000002002be34       0x6e zephyr/libzephyr.a(log_output.c.obj)
                0x000000002002be34                log_output_dropped_process
 .text.log_output_timestamp_freq_set
                0x000000002002bea2       0x2e zephyr/libzephyr.a(log_output.c.obj)
                0x000000002002bea2                log_output_timestamp_freq_set
 .text.log_backend_rtt_init
                0x000000002002bed0        0xc zephyr/libzephyr.a(log_backend_rtt.c.obj)
 .text.format_set
                0x000000002002bedc        0xc zephyr/libzephyr.a(log_backend_rtt.c.obj)
 .text.dropped  0x000000002002bee8        0xa zephyr/libzephyr.a(log_backend_rtt.c.obj)
 .text.process  0x000000002002bef2       0x26 zephyr/libzephyr.a(log_backend_rtt.c.obj)
 .text.panic    0x000000002002bf18       0x4c zephyr/libzephyr.a(log_backend_rtt.c.obj)
 .text.on_failed_write
                0x000000002002bf64       0x2a zephyr/libzephyr.a(log_backend_rtt.c.obj)
 .text.data_out_block_mode
                0x000000002002bf8e       0x94 zephyr/libzephyr.a(log_backend_rtt.c.obj)
 .text.sys_trace_idle
                0x000000002002c022        0x2 zephyr/libzephyr.a(tracing_none.c.obj)
                0x000000002002c022                sys_trace_idle
 .text.boot_banner
                0x000000002002c024       0x20 zephyr/libzephyr.a(banner.c.obj)
                0x000000002002c024                boot_banner
 .text.z_log_msg_simple_create_1.constprop.0
                0x000000002002c044        0xa zephyr/arch/arch/riscv/core/libarch__riscv__core.a(fatal.c.obj)
 .text.z_riscv_get_sp_before_exc
                0x000000002002c04e        0x6 zephyr/arch/arch/riscv/core/libarch__riscv__core.a(fatal.c.obj)
                0x000000002002c04e                z_riscv_get_sp_before_exc
 .text.z_riscv_fatal_error_csf
                0x000000002002c054      0x200 zephyr/arch/arch/riscv/core/libarch__riscv__core.a(fatal.c.obj)
                0x000000002002c054                z_riscv_fatal_error_csf
 .text.z_riscv_fatal_error
                0x000000002002c254        0xa zephyr/arch/arch/riscv/core/libarch__riscv__core.a(fatal.c.obj)
                0x000000002002c254                z_riscv_fatal_error
 .text._Fault   0x000000002002c25e        0xa zephyr/arch/arch/riscv/core/libarch__riscv__core.a(fatal.c.obj)
                0x000000002002c25e                _Fault
 .text.z_irq_spurious
                0x000000002002c268       0x28 zephyr/arch/arch/riscv/core/libarch__riscv__core.a(irq_manage.c.obj)
                0x000000002002c268                z_irq_spurious
 .text.z_prep_c
                0x000000002002c290        0xc zephyr/arch/arch/riscv/core/libarch__riscv__core.a(prep_c.c.obj)
                0x000000002002c290                z_prep_c
 .text.arch_new_thread
                0x000000002002c29c       0x62 zephyr/arch/arch/riscv/core/libarch__riscv__core.a(thread.c.obj)
                0x000000002002c29c                arch_new_thread
 .text.arch_tls_stack_setup
                0x000000002002c2fe       0x4e zephyr/arch/arch/riscv/core/libarch__riscv__core.a(tls.c.obj)
                0x000000002002c2fe                arch_tls_stack_setup
 .text.in_stack_bound
                0x000000002002c34c       0x24 zephyr/arch/arch/riscv/core/libarch__riscv__core.a(stacktrace.c.obj)
 .text.walk_stackframe
                0x000000002002c370       0xb2 zephyr/arch/arch/riscv/core/libarch__riscv__core.a(stacktrace.c.obj)
 .text.in_fatal_stack_bound
                0x000000002002c422       0x38 zephyr/arch/arch/riscv/core/libarch__riscv__core.a(stacktrace.c.obj)
 .text.print_trace_address
                0x000000002002c45a       0x54 zephyr/arch/arch/riscv/core/libarch__riscv__core.a(stacktrace.c.obj)
 .text.z_riscv_unwind_stack
                0x000000002002c4ae       0x60 zephyr/arch/arch/riscv/core/libarch__riscv__core.a(stacktrace.c.obj)
                0x000000002002c4ae                z_riscv_unwind_stack
 .text.cbputc   0x000000002002c50e       0x12 zephyr/lib/libc/picolibc/liblib__libc__picolibc.a(cbprintf.c.obj)
 .text.cbvprintf
                0x000000002002c520       0x36 zephyr/lib/libc/picolibc/liblib__libc__picolibc.a(cbprintf.c.obj)
                0x000000002002c520                cbvprintf
 .text.z_impl_zephyr_fputc
                0x000000002002c556       0x16 zephyr/lib/libc/picolibc/liblib__libc__picolibc.a(stdio.c.obj)
                0x000000002002c556                z_impl_zephyr_fputc
 .text.picolibc_put
                0x000000002002c56c       0x10 zephyr/lib/libc/picolibc/liblib__libc__picolibc.a(stdio.c.obj)
 .text.__stdout_hook_install
                0x000000002002c57c       0x1e zephyr/lib/libc/picolibc/liblib__libc__picolibc.a(stdio.c.obj)
                0x000000002002c57c                __stdout_hook_install
 .text.malloc_prepare
                0x000000002002c59a       0x28 zephyr/lib/libc/common/liblib__libc__common.a(malloc.c.obj)
 .text.nordicsemi_nrf54l_init
                0x000000002002c5c2       0x10 zephyr/soc/soc/nrf54l15/libsoc__nordic.a(soc.c.obj)
                0x000000002002c5c2                nordicsemi_nrf54l_init
 .text.arch_cpu_idle
                0x000000002002c5d2       0x1c zephyr/soc/soc/nrf54l15/libsoc__nordic.a(soc_idle.c.obj)
                0x000000002002c5d2                arch_cpu_idle
 .text.vpr_init
                0x000000002002c5ee       0x1c zephyr/soc/soc/nrf54l15/libsoc__nordic.a(soc_init.c.obj)
 .text.riscv_clic_irq_enable
                0x000000002002c60a       0x4c zephyr/drivers/interrupt_controller/libdrivers__interrupt_controller.a(intc_nrfx_clic.c.obj)
                0x000000002002c60a                riscv_clic_irq_enable
 .text.riscv_clic_irq_priority_set
                0x000000002002c656       0x90 zephyr/drivers/interrupt_controller/libdrivers__interrupt_controller.a(intc_nrfx_clic.c.obj)
                0x000000002002c656                riscv_clic_irq_priority_set
 .text.rtt_console_init
                0x000000002002c6e6       0x24 zephyr/drivers/console/libdrivers__console.a(rtt_console.c.obj)
 .text.rtt_console_out
                0x000000002002c70a       0x56 zephyr/drivers/console/libdrivers__console.a(rtt_console.c.obj)
 .text.gpio_nrfx_port_get_raw
                0x000000002002c760        0xc zephyr/drivers/gpio/libdrivers__gpio.a(gpio_nrfx.c.obj)
 .text.gpio_nrfx_port_set_masked_raw
                0x000000002002c76c       0x14 zephyr/drivers/gpio/libdrivers__gpio.a(gpio_nrfx.c.obj)
 .text.gpio_nrfx_port_set_bits_raw
                0x000000002002c780        0xa zephyr/drivers/gpio/libdrivers__gpio.a(gpio_nrfx.c.obj)
 .text.gpio_nrfx_port_clear_bits_raw
                0x000000002002c78a        0xa zephyr/drivers/gpio/libdrivers__gpio.a(gpio_nrfx.c.obj)
 .text.gpio_nrfx_port_toggle_bits
                0x000000002002c794       0x1a zephyr/drivers/gpio/libdrivers__gpio.a(gpio_nrfx.c.obj)
 .text.gpio_nrfx_manage_callback
                0x000000002002c7ae       0xc6 zephyr/drivers/gpio/libdrivers__gpio.a(gpio_nrfx.c.obj)
 .text.gpio_nrfx_pin_interrupt_configure
                0x000000002002c874      0x164 zephyr/drivers/gpio/libdrivers__gpio.a(gpio_nrfx.c.obj)
 .text.gpio_nrfx_pin_configure
                0x000000002002c9d8      0x22a zephyr/drivers/gpio/libdrivers__gpio.a(gpio_nrfx.c.obj)
 .text.gpio_nrfx_init
                0x000000002002cc02       0x5c zephyr/drivers/gpio/libdrivers__gpio.a(gpio_nrfx.c.obj)
 .text.nrfx_gpio_handler
                0x000000002002cc5e       0xa6 zephyr/drivers/gpio/libdrivers__gpio.a(gpio_nrfx.c.obj)
 .text.pinctrl_lookup_state
                0x000000002002cd04       0x26 zephyr/drivers/pinctrl/libdrivers__pinctrl.a(common.c.obj)
                0x000000002002cd04                pinctrl_lookup_state
 .text.pinctrl_configure_pins
                0x000000002002cd2a      0x260 zephyr/drivers/pinctrl/libdrivers__pinctrl.a(pinctrl_nrf.c.obj)
                0x000000002002cd2a                pinctrl_configure_pins
 .text.api_callback_set
                0x000000002002cf8a       0x16 zephyr/drivers/serial/libdrivers__serial.a(uart_nrfx_uarte2.c.obj)
 .text.api_rx_buf_rsp
                0x000000002002cfa0       0x36 zephyr/drivers/serial/libdrivers__serial.a(uart_nrfx_uarte2.c.obj)
 .text.api_rx_disable
                0x000000002002cfd6       0x36 zephyr/drivers/serial/libdrivers__serial.a(uart_nrfx_uarte2.c.obj)
 .text.api_tx_abort
                0x000000002002d00c       0x22 zephyr/drivers/serial/libdrivers__serial.a(uart_nrfx_uarte2.c.obj)
 .text.tx_timeout_handler
                0x000000002002d02e        0x6 zephyr/drivers/serial/libdrivers__serial.a(uart_nrfx_uarte2.c.obj)
 .text.api_poll_in
                0x000000002002d034       0x84 zephyr/drivers/serial/libdrivers__serial.a(uart_nrfx_uarte2.c.obj)
 .text.api_tx   0x000000002002d0b8       0x7a zephyr/drivers/serial/libdrivers__serial.a(uart_nrfx_uarte2.c.obj)
 .text.api_rx_enable
                0x000000002002d132       0xce zephyr/drivers/serial/libdrivers__serial.a(uart_nrfx_uarte2.c.obj)
 .text.uarte_init_20
                0x000000002002d200      0x15c zephyr/drivers/serial/libdrivers__serial.a(uart_nrfx_uarte2.c.obj)
 .text.api_poll_out
                0x000000002002d35c       0x80 zephyr/drivers/serial/libdrivers__serial.a(uart_nrfx_uarte2.c.obj)
 .text.start_rx_timer.isra.0
                0x000000002002d3dc       0x14 zephyr/drivers/serial/libdrivers__serial.a(uart_nrfx_uarte2.c.obj)
 .text.rx_timeout_handler
                0x000000002002d3f0       0x54 zephyr/drivers/serial/libdrivers__serial.a(uart_nrfx_uarte2.c.obj)
 .text.evt_handler
                0x000000002002d444      0x1c0 zephyr/drivers/serial/libdrivers__serial.a(uart_nrfx_uarte2.c.obj)
 .text.sys_clock_timeout_handler
                0x000000002002d604       0x76 zephyr/drivers/timer/libdrivers__timer.a(nrf_grtc_timer.c.obj)
 .text.sys_clock_driver_init
                0x000000002002d67a       0x4c zephyr/drivers/timer/libdrivers__timer.a(nrf_grtc_timer.c.obj)
 .text.sys_clock_cycle_get_32
                0x000000002002d6c6       0xc2 zephyr/drivers/timer/libdrivers__timer.a(nrf_grtc_timer.c.obj)
                0x000000002002d6c6                sys_clock_cycle_get_32
 .text.sys_clock_elapsed
                0x000000002002d788       0x3c zephyr/drivers/timer/libdrivers__timer.a(nrf_grtc_timer.c.obj)
                0x000000002002d788                sys_clock_elapsed
 .text.sys_clock_set_timeout
                0x000000002002d7c4       0x96 zephyr/drivers/timer/libdrivers__timer.a(nrf_grtc_timer.c.obj)
                0x000000002002d7c4                sys_clock_set_timeout
 .text.nrfx_isr
                0x000000002002d85a        0x2 modules/hal_nordic/modules/hal_nordic/nrfx/libmodules__hal_nordic__nrfx.a(nrfx_glue.c.obj)
                0x000000002002d85a                nrfx_isr
 .text.nrfx_busy_wait
                0x000000002002d85c        0x4 modules/hal_nordic/modules/hal_nordic/nrfx/libmodules__hal_nordic__nrfx.a(nrfx_glue.c.obj)
                0x000000002002d85c                nrfx_busy_wait
 .text.nrfx_flag32_alloc
                0x000000002002d860       0x54 modules/hal_nordic/modules/hal_nordic/nrfx/libmodules__hal_nordic__nrfx.a(nrfx_flag32_allocator.c.obj)
                0x000000002002d860                nrfx_flag32_alloc
 .text.nrfx_flag32_free
                0x000000002002d8b4       0x3e modules/hal_nordic/modules/hal_nordic/nrfx/libmodules__hal_nordic__nrfx.a(nrfx_flag32_allocator.c.obj)
                0x000000002002d8b4                nrfx_flag32_free
 .text.get_pin_idx
                0x000000002002d8f2       0x1c modules/hal_nordic/modules/hal_nordic/nrfx/libmodules__hal_nordic__nrfx.a(nrfx_gpiote.c.obj)
 .text.call_handler
                0x000000002002d90e       0x56 modules/hal_nordic/modules/hal_nordic/nrfx/libmodules__hal_nordic__nrfx.a(nrfx_gpiote.c.obj)
 .text.latch_pending_read_and_check
                0x000000002002d964       0x74 modules/hal_nordic/modules/hal_nordic/nrfx/libmodules__hal_nordic__nrfx.a(nrfx_gpiote.c.obj)
 .text.release_handler
                0x000000002002d9d8       0xdc modules/hal_nordic/modules/hal_nordic/nrfx/libmodules__hal_nordic__nrfx.a(nrfx_gpiote.c.obj)
 .text.irq_handler
                0x000000002002dab4      0x468 modules/hal_nordic/modules/hal_nordic/nrfx/libmodules__hal_nordic__nrfx.a(nrfx_gpiote.c.obj)
 .text.pin_te_get.isra.0
                0x000000002002df1c       0x34 modules/hal_nordic/modules/hal_nordic/nrfx/libmodules__hal_nordic__nrfx.a(nrfx_gpiote.c.obj)
 .text.pin_is_output.isra.0
                0x000000002002df50       0x36 modules/hal_nordic/modules/hal_nordic/nrfx/libmodules__hal_nordic__nrfx.a(nrfx_gpiote.c.obj)
 .text.pin_has_trigger.isra.0
                0x000000002002df86       0x3a modules/hal_nordic/modules/hal_nordic/nrfx/libmodules__hal_nordic__nrfx.a(nrfx_gpiote.c.obj)
 .text.pin_in_use_by_te.isra.0
                0x000000002002dfc0       0x36 modules/hal_nordic/modules/hal_nordic/nrfx/libmodules__hal_nordic__nrfx.a(nrfx_gpiote.c.obj)
 .text.pin_is_task_output
                0x000000002002dff6       0x2e modules/hal_nordic/modules/hal_nordic/nrfx/libmodules__hal_nordic__nrfx.a(nrfx_gpiote.c.obj)
 .text.pin_in_use.isra.0
                0x000000002002e024       0x34 modules/hal_nordic/modules/hal_nordic/nrfx/libmodules__hal_nordic__nrfx.a(nrfx_gpiote.c.obj)
 .text.pin_trigger_disable
                0x000000002002e058       0xe8 modules/hal_nordic/modules/hal_nordic/nrfx/libmodules__hal_nordic__nrfx.a(nrfx_gpiote.c.obj)
 .text.pin_uninit
                0x000000002002e140      0x122 modules/hal_nordic/modules/hal_nordic/nrfx/libmodules__hal_nordic__nrfx.a(nrfx_gpiote.c.obj)
 .text.nrfx_gpiote_input_configure
                0x000000002002e262      0x2f2 modules/hal_nordic/modules/hal_nordic/nrfx/libmodules__hal_nordic__nrfx.a(nrfx_gpiote.c.obj)
                0x000000002002e262                nrfx_gpiote_input_configure
 .text.nrfx_gpiote_output_configure
                0x000000002002e554      0x1fa modules/hal_nordic/modules/hal_nordic/nrfx/libmodules__hal_nordic__nrfx.a(nrfx_gpiote.c.obj)
                0x000000002002e554                nrfx_gpiote_output_configure
 .text.nrfx_gpiote_global_callback_set
                0x000000002002e74e       0x26 modules/hal_nordic/modules/hal_nordic/nrfx/libmodules__hal_nordic__nrfx.a(nrfx_gpiote.c.obj)
                0x000000002002e74e                nrfx_gpiote_global_callback_set
 .text.nrfx_gpiote_channel_get
                0x000000002002e774       0x84 modules/hal_nordic/modules/hal_nordic/nrfx/libmodules__hal_nordic__nrfx.a(nrfx_gpiote.c.obj)
                0x000000002002e774                nrfx_gpiote_channel_get
 .text.nrfx_gpiote_init
                0x000000002002e7f8       0xc0 modules/hal_nordic/modules/hal_nordic/nrfx/libmodules__hal_nordic__nrfx.a(nrfx_gpiote.c.obj)
                0x000000002002e7f8                nrfx_gpiote_init
 .text.nrfx_gpiote_init_check
                0x000000002002e8b8       0x1e modules/hal_nordic/modules/hal_nordic/nrfx/libmodules__hal_nordic__nrfx.a(nrfx_gpiote.c.obj)
                0x000000002002e8b8                nrfx_gpiote_init_check
 .text.nrfx_gpiote_pin_uninit
                0x000000002002e8d6        0x4 modules/hal_nordic/modules/hal_nordic/nrfx/libmodules__hal_nordic__nrfx.a(nrfx_gpiote.c.obj)
                0x000000002002e8d6                nrfx_gpiote_pin_uninit
 .text.nrfx_gpiote_channel_free
                0x000000002002e8da       0x1e modules/hal_nordic/modules/hal_nordic/nrfx/libmodules__hal_nordic__nrfx.a(nrfx_gpiote.c.obj)
                0x000000002002e8da                nrfx_gpiote_channel_free
 .text.nrfx_gpiote_channel_alloc
                0x000000002002e8f8       0x1e modules/hal_nordic/modules/hal_nordic/nrfx/libmodules__hal_nordic__nrfx.a(nrfx_gpiote.c.obj)
                0x000000002002e8f8                nrfx_gpiote_channel_alloc
 .text.nrfx_gpiote_trigger_enable
                0x000000002002e916      0x24c modules/hal_nordic/modules/hal_nordic/nrfx/libmodules__hal_nordic__nrfx.a(nrfx_gpiote.c.obj)
                0x000000002002e916                nrfx_gpiote_trigger_enable
 .text.nrfx_gpiote_trigger_disable
                0x000000002002eb62        0x4 modules/hal_nordic/modules/hal_nordic/nrfx/libmodules__hal_nordic__nrfx.a(nrfx_gpiote.c.obj)
                0x000000002002eb62                nrfx_gpiote_trigger_disable
 .text.nrfx_gpiote_20_irq_handler
                0x000000002002eb66       0x10 modules/hal_nordic/modules/hal_nordic/nrfx/libmodules__hal_nordic__nrfx.a(nrfx_gpiote.c.obj)
                0x000000002002eb66                nrfx_gpiote_20_irq_handler
 .text.nrfx_gpiote_30_irq_handler
                0x000000002002eb76       0x10 modules/hal_nordic/modules/hal_nordic/nrfx/libmodules__hal_nordic__nrfx.a(nrfx_gpiote.c.obj)
                0x000000002002eb76                nrfx_gpiote_30_irq_handler
 .text.cc_channel_prepare
                0x000000002002eb86       0xb0 modules/hal_nordic/modules/hal_nordic/nrfx/libmodules__hal_nordic__nrfx.a(nrfx_grtc.c.obj)
 .text.syscounter_check
                0x000000002002ec36       0x36 modules/hal_nordic/modules/hal_nordic/nrfx/libmodules__hal_nordic__nrfx.a(nrfx_grtc.c.obj)
 .text.nrfx_grtc_syscounter_get
                0x000000002002ec6c       0xc0 modules/hal_nordic/modules/hal_nordic/nrfx/libmodules__hal_nordic__nrfx.a(nrfx_grtc.c.obj)
                0x000000002002ec6c                nrfx_grtc_syscounter_get
 .text.nrfx_grtc_channel_alloc
                0x000000002002ed2c       0x42 modules/hal_nordic/modules/hal_nordic/nrfx/libmodules__hal_nordic__nrfx.a(nrfx_grtc.c.obj)
                0x000000002002ed2c                nrfx_grtc_channel_alloc
 .text.nrfx_grtc_init
                0x000000002002ed6e       0x98 modules/hal_nordic/modules/hal_nordic/nrfx/libmodules__hal_nordic__nrfx.a(nrfx_grtc.c.obj)
                0x000000002002ed6e                nrfx_grtc_init
 .text.nrfx_grtc_syscounter_cc_absolute_set
                0x000000002002ee06      0x144 modules/hal_nordic/modules/hal_nordic/nrfx/libmodules__hal_nordic__nrfx.a(nrfx_grtc.c.obj)
                0x000000002002ee06                nrfx_grtc_syscounter_cc_absolute_set
 .text.nrfx_grtc_irq_handler
                0x000000002002ef4a      0x10c modules/hal_nordic/modules/hal_nordic/nrfx/libmodules__hal_nordic__nrfx.a(nrfx_grtc.c.obj)
                0x000000002002ef4a                nrfx_grtc_irq_handler
 .text.is_tx_ready
                0x000000002002f056       0x2a modules/hal_nordic/modules/hal_nordic/nrfx/libmodules__hal_nordic__nrfx.a(nrfx_uarte.c.obj)
 .text.tx_start
                0x000000002002f080       0x52 modules/hal_nordic/modules/hal_nordic/nrfx/libmodules__hal_nordic__nrfx.a(nrfx_uarte.c.obj)
 .text.user_handler
                0x000000002002f0d2       0x1a modules/hal_nordic/modules/hal_nordic/nrfx/libmodules__hal_nordic__nrfx.a(nrfx_uarte.c.obj)
 .text.user_handler_on_rx_done
                0x000000002002f0ec       0x1c modules/hal_nordic/modules/hal_nordic/nrfx/libmodules__hal_nordic__nrfx.a(nrfx_uarte.c.obj)
 .text.disable_hw_from_rx
                0x000000002002f108       0x34 modules/hal_nordic/modules/hal_nordic/nrfx/libmodules__hal_nordic__nrfx.a(nrfx_uarte.c.obj)
 .text.uarte_configure
                0x000000002002f13c       0x88 modules/hal_nordic/modules/hal_nordic/nrfx/libmodules__hal_nordic__nrfx.a(nrfx_uarte.c.obj)
 .text.atomic_and
                0x000000002002f1c4        0x4 modules/hal_nordic/modules/hal_nordic/nrfx/libmodules__hal_nordic__nrfx.a(nrfx_uarte.c.obj)
 .text.on_rx_disabled
                0x000000002002f1c8       0x72 modules/hal_nordic/modules/hal_nordic/nrfx/libmodules__hal_nordic__nrfx.a(nrfx_uarte.c.obj)
 .text.atomic_or
                0x000000002002f23a        0x4 modules/hal_nordic/modules/hal_nordic/nrfx/libmodules__hal_nordic__nrfx.a(nrfx_uarte.c.obj)
 .text.rx_flush.part.0
                0x000000002002f23e       0x74 modules/hal_nordic/modules/hal_nordic/nrfx/libmodules__hal_nordic__nrfx.a(nrfx_uarte.c.obj)
 .text.event_check_and_clear.constprop.0
                0x000000002002f2b2       0x36 modules/hal_nordic/modules/hal_nordic/nrfx/libmodules__hal_nordic__nrfx.a(nrfx_uarte.c.obj)
 .text.prepare_tx.constprop.0
                0x000000002002f2e8       0x78 modules/hal_nordic/modules/hal_nordic/nrfx/libmodules__hal_nordic__nrfx.a(nrfx_uarte.c.obj)
 .text.disable_hw_from_tx
                0x000000002002f360       0x20 modules/hal_nordic/modules/hal_nordic/nrfx/libmodules__hal_nordic__nrfx.a(nrfx_uarte.c.obj)
 .text.blocking_tx
                0x000000002002f380      0x22a modules/hal_nordic/modules/hal_nordic/nrfx/libmodules__hal_nordic__nrfx.a(nrfx_uarte.c.obj)
 .text.tx_prepare_start.isra.0
                0x000000002002f5aa       0x6a modules/hal_nordic/modules/hal_nordic/nrfx/libmodules__hal_nordic__nrfx.a(nrfx_uarte.c.obj)
 .text.nrfx_uarte_init
                0x000000002002f614      0x18c modules/hal_nordic/modules/hal_nordic/nrfx/libmodules__hal_nordic__nrfx.a(nrfx_uarte.c.obj)
                0x000000002002f614                nrfx_uarte_init
 .text.nrfx_uarte_tx
                0x000000002002f7a0      0x264 modules/hal_nordic/modules/hal_nordic/nrfx/libmodules__hal_nordic__nrfx.a(nrfx_uarte.c.obj)
                0x000000002002f7a0                nrfx_uarte_tx
 .text.nrfx_uarte_tx_abort
                0x000000002002fa04      0x112 modules/hal_nordic/modules/hal_nordic/nrfx/libmodules__hal_nordic__nrfx.a(nrfx_uarte.c.obj)
                0x000000002002fa04                nrfx_uarte_tx_abort
 .text.nrfx_uarte_rx_enable
                0x000000002002fb16      0x1c6 modules/hal_nordic/modules/hal_nordic/nrfx/libmodules__hal_nordic__nrfx.a(nrfx_uarte.c.obj)
                0x000000002002fb16                nrfx_uarte_rx_enable
 .text.nrfx_uarte_rx_buffer_set
                0x000000002002fcdc      0x294 modules/hal_nordic/modules/hal_nordic/nrfx/libmodules__hal_nordic__nrfx.a(nrfx_uarte.c.obj)
                0x000000002002fcdc                nrfx_uarte_rx_buffer_set
 .text.nrfx_uarte_rx_abort
                0x000000002002ff70      0x1de modules/hal_nordic/modules/hal_nordic/nrfx/libmodules__hal_nordic__nrfx.a(nrfx_uarte.c.obj)
                0x000000002002ff70                nrfx_uarte_rx_abort
 .text.nrfx_uarte_rx_ready
                0x000000002003014e       0xba modules/hal_nordic/modules/hal_nordic/nrfx/libmodules__hal_nordic__nrfx.a(nrfx_uarte.c.obj)
                0x000000002003014e                nrfx_uarte_rx_ready
 .text.nrfx_uarte_rx_new_data_check
                0x0000000020030208       0x60 modules/hal_nordic/modules/hal_nordic/nrfx/libmodules__hal_nordic__nrfx.a(nrfx_uarte.c.obj)
                0x0000000020030208                nrfx_uarte_rx_new_data_check
 .text.nrfx_uarte_20_irq_handler
                0x0000000020030268      0x49c modules/hal_nordic/modules/hal_nordic/nrfx/libmodules__hal_nordic__nrfx.a(nrfx_uarte.c.obj)
                0x0000000020030268                nrfx_uarte_20_irq_handler
 .text._GetAvailWriteSpace
                0x0000000020030704       0x14 modules/segger/libmodules__segger.a(SEGGER_RTT.c.obj)
 .text._WriteNoCheck
                0x0000000020030718       0x4e modules/segger/libmodules__segger.a(SEGGER_RTT.c.obj)
 .text._WriteBlocking
                0x0000000020030766       0x68 modules/segger/libmodules__segger.a(SEGGER_RTT.c.obj)
 .text._DoInit  0x00000000200307ce       0x9a modules/segger/libmodules__segger.a(SEGGER_RTT.c.obj)
 .text.SEGGER_RTT_WriteSkipNoLock
                0x0000000020030868       0xaa modules/segger/libmodules__segger.a(SEGGER_RTT.c.obj)
                0x0000000020030868                SEGGER_RTT_WriteSkipNoLock
 .text.SEGGER_RTT_WriteNoLock
                0x0000000020030912       0x74 modules/segger/libmodules__segger.a(SEGGER_RTT.c.obj)
                0x0000000020030912                SEGGER_RTT_WriteNoLock
 .text.SEGGER_RTT_Write
                0x0000000020030986       0x42 modules/segger/libmodules__segger.a(SEGGER_RTT.c.obj)
                0x0000000020030986                SEGGER_RTT_Write
 .text.SEGGER_RTT_HasDataUp
                0x00000000200309c8       0x18 modules/segger/libmodules__segger.a(SEGGER_RTT.c.obj)
                0x00000000200309c8                SEGGER_RTT_HasDataUp
 .text.SEGGER_RTT_Init
                0x00000000200309e0       0x32 modules/segger/libmodules__segger.a(SEGGER_RTT.c.obj)
                0x00000000200309e0                SEGGER_RTT_Init
 .text.rtt_init
                0x0000000020030a12       0x10 modules/segger/libmodules__segger.a(SEGGER_RTT_zephyr.c.obj)
 .text.zephyr_rtt_irq_lock
                0x0000000020030a22        0x6 modules/segger/libmodules__segger.a(SEGGER_RTT_zephyr.c.obj)
                0x0000000020030a22                zephyr_rtt_irq_lock
 .text.zephyr_rtt_irq_unlock
                0x0000000020030a28        0x8 modules/segger/libmodules__segger.a(SEGGER_RTT_zephyr.c.obj)
                0x0000000020030a28                zephyr_rtt_irq_unlock
 .text.z_impl_k_busy_wait
                0x0000000020030a30       0x2a zephyr/kernel/libkernel.a(busy_wait.c.obj)
                0x0000000020030a30                z_impl_k_busy_wait
 .text.arch_system_halt
                0x0000000020030a5a        0x6 zephyr/kernel/libkernel.a(fatal.c.obj)
                0x0000000020030a5a                arch_system_halt
 .text.k_sys_fatal_error_handler
                0x0000000020030a60       0x28 zephyr/kernel/libkernel.a(fatal.c.obj)
                0x0000000020030a60                k_sys_fatal_error_handler
 .text.z_fatal_error
                0x0000000020030a88      0x164 zephyr/kernel/libkernel.a(fatal.c.obj)
                0x0000000020030a88                z_fatal_error
 .text.do_device_init
                0x0000000020030bec       0x46 zephyr/kernel/libkernel.a(init.c.obj)
 .text.z_sys_init_run_level
                0x0000000020030c32       0x42 zephyr/kernel/libkernel.a(init.c.obj)
 .text.bg_thread_main
                0x0000000020030c74      0x154 zephyr/kernel/libkernel.a(init.c.obj)
 .text.z_early_memset
                0x0000000020030dc8        0x4 zephyr/kernel/libkernel.a(init.c.obj)
                0x0000000020030dc8                z_early_memset
 .text.z_bss_zero
                0x0000000020030dcc       0x1e zephyr/kernel/libkernel.a(init.c.obj)
                0x0000000020030dcc                z_bss_zero
 .text.z_init_cpu
                0x0000000020030dea       0xaa zephyr/kernel/libkernel.a(init.c.obj)
                0x0000000020030dea                z_init_cpu
 .text.z_cstart
                0x0000000020030e94      0x1f0 zephyr/kernel/libkernel.a(init.c.obj)
                0x0000000020030e94                z_cstart
 .text.z_init_static
                0x0000000020031084        0x2 zephyr/kernel/libkernel.a(init_static.c.obj)
                0x0000000020031084                z_init_static
 .text.idle     0x0000000020031086       0x4a zephyr/kernel/libkernel.a(idle.c.obj)
                0x0000000020031086                idle
 .text.unpend_thread_no_timeout
                0x00000000200310d0       0x56 zephyr/kernel/libkernel.a(queue.c.obj)
 .text.queue_insert
                0x0000000020031126      0x1b0 zephyr/kernel/libkernel.a(queue.c.obj)
 .text.z_queue_node_peek
                0x00000000200312d6       0x22 zephyr/kernel/libkernel.a(queue.c.obj)
                0x00000000200312d6                z_queue_node_peek
 .text.k_queue_append
                0x00000000200312f8        0xc zephyr/kernel/libkernel.a(queue.c.obj)
                0x00000000200312f8                k_queue_append
 .text.z_impl_k_queue_get
                0x0000000020031304      0x100 zephyr/kernel/libkernel.a(queue.c.obj)
                0x0000000020031304                z_impl_k_queue_get
 .text.unpend_thread_no_timeout
                0x0000000020031404       0x56 zephyr/kernel/libkernel.a(sem.c.obj)
 .text.z_impl_k_sem_init
                0x000000002003145a       0x18 zephyr/kernel/libkernel.a(sem.c.obj)
                0x000000002003145a                z_impl_k_sem_init
 .text.z_impl_k_sem_give
                0x0000000020031472      0x13e zephyr/kernel/libkernel.a(sem.c.obj)
                0x0000000020031472                z_impl_k_sem_give
 .text.z_impl_k_sem_take
                0x00000000200315b0      0x148 zephyr/kernel/libkernel.a(sem.c.obj)
                0x00000000200315b0                z_impl_k_sem_take
 .text.flag_test_and_clear
                0x00000000200316f8       0x18 zephyr/kernel/libkernel.a(work.c.obj)
 .text.work_queue_main
                0x0000000020031710      0x23e zephyr/kernel/libkernel.a(work.c.obj)
 .text.k_work_queue_start
                0x000000002003194e      0x10e zephyr/kernel/libkernel.a(work.c.obj)
                0x000000002003194e                k_work_queue_start
 .text.k_is_in_isr
                0x0000000020031a5c        0xe zephyr/kernel/libkernel.a(thread.c.obj)
                0x0000000020031a5c                k_is_in_isr
 .text.z_impl_k_is_preempt_thread
                0x0000000020031a6a       0x1a zephyr/kernel/libkernel.a(thread.c.obj)
                0x0000000020031a6a                z_impl_k_is_preempt_thread
 .text.z_impl_k_thread_name_set
                0x0000000020031a84       0x2c zephyr/kernel/libkernel.a(thread.c.obj)
                0x0000000020031a84                z_impl_k_thread_name_set
 .text.k_thread_name_get
                0x0000000020031ab0        0x6 zephyr/kernel/libkernel.a(thread.c.obj)
                0x0000000020031ab0                k_thread_name_get
 .text.z_setup_new_thread
                0x0000000020031ab6      0x24a zephyr/kernel/libkernel.a(thread.c.obj)
                0x0000000020031ab6                z_setup_new_thread
 .text.z_impl_k_thread_create
                0x0000000020031d00       0xa0 zephyr/kernel/libkernel.a(thread.c.obj)
                0x0000000020031d00                z_impl_k_thread_create
 .text.sys_dlist_remove
                0x0000000020031da0       0x12 zephyr/kernel/libkernel.a(sched.c.obj)
 .text.unready_thread
                0x0000000020031db2       0xec zephyr/kernel/libkernel.a(sched.c.obj)
 .text.unpend_thread_no_timeout
                0x0000000020031e9e       0x52 zephyr/kernel/libkernel.a(sched.c.obj)
 .text.z_swap   0x0000000020031ef0      0x1a4 zephyr/kernel/libkernel.a(sched.c.obj)
 .text.ready_thread
                0x0000000020032094      0x122 zephyr/kernel/libkernel.a(sched.c.obj)
 .text.add_to_waitq_locked
                0x00000000200321b6       0x60 zephyr/kernel/libkernel.a(sched.c.obj)
 .text.move_thread_to_end_of_prio_q
                0x0000000020032216      0x150 zephyr/kernel/libkernel.a(sched.c.obj)
                0x0000000020032216                move_thread_to_end_of_prio_q
 .text.z_ready_thread
                0x0000000020032366       0xb8 zephyr/kernel/libkernel.a(sched.c.obj)
                0x0000000020032366                z_ready_thread
 .text.z_unpend_thread_no_timeout
                0x000000002003241e       0xbe zephyr/kernel/libkernel.a(sched.c.obj)
                0x000000002003241e                z_unpend_thread_no_timeout
 .text.z_sched_wake_thread
                0x00000000200324dc       0xda zephyr/kernel/libkernel.a(sched.c.obj)
                0x00000000200324dc                z_sched_wake_thread
 .text.z_thread_timeout
                0x00000000200325b6        0x8 zephyr/kernel/libkernel.a(sched.c.obj)
                0x00000000200325b6                z_thread_timeout
 .text.z_pend_curr
                0x00000000200325be      0x12c zephyr/kernel/libkernel.a(sched.c.obj)
                0x00000000200325be                z_pend_curr
 .text.z_unpend1_no_timeout
                0x00000000200326ea       0xcc zephyr/kernel/libkernel.a(sched.c.obj)
                0x00000000200326ea                z_unpend1_no_timeout
 .text.z_unpend_thread
                0x00000000200327b6       0x1a zephyr/kernel/libkernel.a(sched.c.obj)
                0x00000000200327b6                z_unpend_thread
 .text.z_reschedule
                0x00000000200327d0       0x80 zephyr/kernel/libkernel.a(sched.c.obj)
                0x00000000200327d0                z_reschedule
 .text.z_reschedule_irqlock
                0x0000000020032850      0x11c zephyr/kernel/libkernel.a(sched.c.obj)
                0x0000000020032850                z_reschedule_irqlock
 .text.k_sched_lock
                0x000000002003296c      0x134 zephyr/kernel/libkernel.a(sched.c.obj)
                0x000000002003296c                k_sched_lock
 .text.k_sched_unlock
                0x0000000020032aa0      0x178 zephyr/kernel/libkernel.a(sched.c.obj)
                0x0000000020032aa0                k_sched_unlock
 .text.z_swap_next_thread
                0x0000000020032c18        0xc zephyr/kernel/libkernel.a(sched.c.obj)
                0x0000000020032c18                z_swap_next_thread
 .text.z_get_next_switch_handle
                0x0000000020032c24       0x38 zephyr/kernel/libkernel.a(sched.c.obj)
                0x0000000020032c24                z_get_next_switch_handle
 .text.z_unpend_all
                0x0000000020032c5c       0x30 zephyr/kernel/libkernel.a(sched.c.obj)
                0x0000000020032c5c                z_unpend_all
 .text.z_sched_init
                0x0000000020032c8c       0x16 zephyr/kernel/libkernel.a(sched.c.obj)
                0x0000000020032c8c                z_sched_init
 .text.z_impl_k_yield
                0x0000000020032ca2      0x128 zephyr/kernel/libkernel.a(sched.c.obj)
                0x0000000020032ca2                z_impl_k_yield
 .text.z_tick_sleep
                0x0000000020032dca      0x138 zephyr/kernel/libkernel.a(sched.c.obj)
 .text.z_impl_k_sleep
                0x0000000020032f02       0x90 zephyr/kernel/libkernel.a(sched.c.obj)
                0x0000000020032f02                z_impl_k_sleep
 .text.z_impl_k_wakeup
                0x0000000020032f92       0xe8 zephyr/kernel/libkernel.a(sched.c.obj)
                0x0000000020032f92                z_impl_k_wakeup
 .text.z_impl_k_sched_current_thread_query
                0x000000002003307a        0xc zephyr/kernel/libkernel.a(sched.c.obj)
                0x000000002003307a                z_impl_k_sched_current_thread_query
 .text.z_thread_abort
                0x0000000020033086      0x27a zephyr/kernel/libkernel.a(sched.c.obj)
                0x0000000020033086                z_thread_abort
 .text.z_impl_k_thread_abort
                0x0000000020033300       0x48 zephyr/kernel/libkernel.a(sched.c.obj)
                0x0000000020033300                z_impl_k_thread_abort
 .text.z_sched_wake
                0x0000000020033348       0xe8 zephyr/kernel/libkernel.a(sched.c.obj)
                0x0000000020033348                z_sched_wake
 .text.z_sched_wait
                0x0000000020033430       0x24 zephyr/kernel/libkernel.a(sched.c.obj)
                0x0000000020033430                z_sched_wait
 .text.slice_timeout
                0x0000000020033454       0x76 zephyr/kernel/libkernel.a(timeslicing.c.obj)
 .text.thread_is_sliceable
                0x00000000200334ca       0x48 zephyr/kernel/libkernel.a(timeslicing.c.obj)
                0x00000000200334ca                thread_is_sliceable
 .text.z_reset_time_slice
                0x0000000020033512       0x6a zephyr/kernel/libkernel.a(timeslicing.c.obj)
                0x0000000020033512                z_reset_time_slice
 .text.z_time_slice
                0x000000002003357c       0xe6 zephyr/kernel/libkernel.a(timeslicing.c.obj)
                0x000000002003357c                z_time_slice
 .text.z_spin_lock_valid
                0x0000000020033662       0x1a zephyr/kernel/libkernel.a(spinlock_validate.c.obj)
                0x0000000020033662                z_spin_lock_valid
 .text.z_spin_unlock_valid
                0x000000002003367c       0x32 zephyr/kernel/libkernel.a(spinlock_validate.c.obj)
                0x000000002003367c                z_spin_unlock_valid
 .text.z_spin_lock_set_owner
                0x00000000200336ae       0x14 zephyr/kernel/libkernel.a(spinlock_validate.c.obj)
                0x00000000200336ae                z_spin_lock_set_owner
 .text.z_thread_monitor_exit
                0x00000000200336c2       0xd8 zephyr/kernel/libkernel.a(thread_monitor.c.obj)
                0x00000000200336c2                z_thread_monitor_exit
 .text.first    0x000000002003379a       0x12 zephyr/kernel/libkernel.a(timeout.c.obj)
 .text.elapsed  0x00000000200337ac       0x12 zephyr/kernel/libkernel.a(timeout.c.obj)
 .text.next_timeout
                0x00000000200337be       0x46 zephyr/kernel/libkernel.a(timeout.c.obj)
 .text.remove_timeout
                0x0000000020033804       0x3c zephyr/kernel/libkernel.a(timeout.c.obj)
 .text.z_add_timeout
                0x0000000020033840      0x21a zephyr/kernel/libkernel.a(timeout.c.obj)
                0x0000000020033840                z_add_timeout
 .text.z_abort_timeout
                0x0000000020033a5a       0xde zephyr/kernel/libkernel.a(timeout.c.obj)
                0x0000000020033a5a                z_abort_timeout
 .text.sys_clock_announce
                0x0000000020033b38      0x18a zephyr/kernel/libkernel.a(timeout.c.obj)
                0x0000000020033b38                sys_clock_announce
 .text.sys_clock_tick_get
                0x0000000020033cc2       0xd8 zephyr/kernel/libkernel.a(timeout.c.obj)
                0x0000000020033cc2                sys_clock_tick_get
 .text.sys_clock_tick_get_32
                0x0000000020033d9a        0xe zephyr/kernel/libkernel.a(timeout.c.obj)
                0x0000000020033d9a                sys_clock_tick_get_32
 .text.z_impl_k_uptime_ticks
                0x0000000020033da8        0x4 zephyr/kernel/libkernel.a(timeout.c.obj)
                0x0000000020033da8                z_impl_k_uptime_ticks
 .text.sys_timepoint_calc
                0x0000000020033dac       0x56 zephyr/kernel/libkernel.a(timeout.c.obj)
                0x0000000020033dac                sys_timepoint_calc
 .text.sys_timepoint_timeout
                0x0000000020033e02       0x5c zephyr/kernel/libkernel.a(timeout.c.obj)
                0x0000000020033e02                sys_timepoint_timeout
 .text.z_timer_expiration_handler
                0x0000000020033e5e      0x1e2 zephyr/kernel/libkernel.a(timer.c.obj)
                0x0000000020033e5e                z_timer_expiration_handler
 .text.k_timer_init
                0x0000000020034040       0x1e zephyr/kernel/libkernel.a(timer.c.obj)
                0x0000000020034040                k_timer_init
 .text.z_impl_k_timer_start
                0x000000002003405e      0x12a zephyr/kernel/libkernel.a(timer.c.obj)
                0x000000002003405e                z_impl_k_timer_start
 .text.z_impl_k_timer_stop
                0x0000000020034188       0x3a zephyr/kernel/libkernel.a(timer.c.obj)
                0x0000000020034188                z_impl_k_timer_stop
 .text.z_impl_atomic_cas
                0x00000000200341c2       0xce zephyr/kernel/libkernel.a(atomic_c.c.obj)
                0x00000000200341c2                z_impl_atomic_cas
 .text.z_impl_atomic_add
                0x0000000020034290       0xc4 zephyr/kernel/libkernel.a(atomic_c.c.obj)
                0x0000000020034290                z_impl_atomic_add
 .text.z_impl_atomic_sub
                0x0000000020034354       0xc6 zephyr/kernel/libkernel.a(atomic_c.c.obj)
                0x0000000020034354                z_impl_atomic_sub
 .text.z_impl_atomic_set
                0x000000002003441a       0xc0 zephyr/kernel/libkernel.a(atomic_c.c.obj)
                0x000000002003441a                z_impl_atomic_set
 .text.z_impl_atomic_or
                0x00000000200344da       0xc4 zephyr/kernel/libkernel.a(atomic_c.c.obj)
                0x00000000200344da                z_impl_atomic_or
 .text.z_impl_atomic_and
                0x000000002003459e       0xc4 zephyr/kernel/libkernel.a(atomic_c.c.obj)
                0x000000002003459e                z_impl_atomic_and
 .text.sched_cpu_update_usage
                0x0000000020034662       0x22 zephyr/kernel/libkernel.a(usage.c.obj)
 .text.z_sched_usage_start
                0x0000000020034684       0x1c zephyr/kernel/libkernel.a(usage.c.obj)
                0x0000000020034684                z_sched_usage_start
 .text.z_sched_usage_stop
                0x00000000200346a0       0xfc zephyr/kernel/libkernel.a(usage.c.obj)
                0x00000000200346a0                z_sched_usage_stop
 .text.z_heap_aligned_alloc
                0x000000002003479c       0x7e zephyr/kernel/libkernel.a(mempool.c.obj)
 .text.k_free   0x000000002003481a        0xe zephyr/kernel/libkernel.a(mempool.c.obj)
                0x000000002003481a                k_free
 .text.k_aligned_alloc
                0x0000000020034828       0x9a zephyr/kernel/libkernel.a(mempool.c.obj)
                0x0000000020034828                k_aligned_alloc
 .text.k_malloc
                0x00000000200348c2        0x8 zephyr/kernel/libkernel.a(mempool.c.obj)
                0x00000000200348c2                k_malloc
 .text.k_thread_system_pool_assign
                0x00000000200348ca        0xe zephyr/kernel/libkernel.a(mempool.c.obj)
                0x00000000200348ca                k_thread_system_pool_assign
 .text.z_thread_aligned_alloc
                0x00000000200348d8       0x40 zephyr/kernel/libkernel.a(mempool.c.obj)
                0x00000000200348d8                z_thread_aligned_alloc
 .text.z_device_state_init
                0x0000000020034918       0x58 zephyr/kernel/libkernel.a(device.c.obj)
                0x0000000020034918                z_device_state_init
 .text.k_heap_init
                0x0000000020034970        0xc zephyr/kernel/libkernel.a(kheap.c.obj)
                0x0000000020034970                k_heap_init
 .text.statics_init
                0x000000002003497c       0x6e zephyr/kernel/libkernel.a(kheap.c.obj)
 .text.k_heap_aligned_alloc
                0x00000000200349ea      0x156 zephyr/kernel/libkernel.a(kheap.c.obj)
                0x00000000200349ea                k_heap_aligned_alloc
 .text.k_heap_free
                0x0000000020034b40       0xd0 zephyr/kernel/libkernel.a(kheap.c.obj)
                0x0000000020034b40                k_heap_free
 .text.k_sys_work_q_init
                0x0000000020034c10       0x3a zephyr/kernel/libkernel.a(system_work_q.c.obj)
 .text.strlen   0x0000000020034c4a       0x12 c:\ncs\toolchains\b620d30767\opt\zephyr-sdk\riscv64-zephyr-elf\bin\../lib/gcc/../../picolibc/riscv64-zephyr-elf/lib/rv32emc_zicsr/ilp32e\libc.a(strlen.c.o)
                0x0000000020034c4a                strlen
 .text.strncpy  0x0000000020034c5c       0x28 c:\ncs\toolchains\b620d30767\opt\zephyr-sdk\riscv64-zephyr-elf\bin\../lib/gcc/../../picolibc/riscv64-zephyr-elf/lib/rv32emc_zicsr/ilp32e\libc.a(libc_string_strncpy.c.o)
                0x0000000020034c5c                strncpy
 .text.strnlen  0x0000000020034c84       0x18 c:\ncs\toolchains\b620d30767\opt\zephyr-sdk\riscv64-zephyr-elf\bin\../lib/gcc/../../picolibc/riscv64-zephyr-elf/lib/rv32emc_zicsr/ilp32e\libc.a(libc_string_strnlen.c.o)
                0x0000000020034c84                strnlen
 .text.snprintf
                0x0000000020034c9c       0x66 c:\ncs\toolchains\b620d30767\opt\zephyr-sdk\riscv64-zephyr-elf\bin\../lib/gcc/../../picolibc/riscv64-zephyr-elf/lib/rv32emc_zicsr/ilp32e\libc.a(libc_tinystdio_snprintf.c.o)
                0x0000000020034c9c                snprintf
 .text.__ultoa_invert
                0x0000000020034d02      0x110 c:\ncs\toolchains\b620d30767\opt\zephyr-sdk\riscv64-zephyr-elf\bin\../lib/gcc/../../picolibc/riscv64-zephyr-elf/lib/rv32emc_zicsr/ilp32e\libc.a(libc_tinystdio_vflprintf.c.o)
 .text.__l_vfprintf
                0x0000000020034e12      0x59c c:\ncs\toolchains\b620d30767\opt\zephyr-sdk\riscv64-zephyr-elf\bin\../lib/gcc/../../picolibc/riscv64-zephyr-elf/lib/rv32emc_zicsr/ilp32e\libc.a(libc_tinystdio_vflprintf.c.o)
                0x0000000020034e12                __l_vfprintf
 .text.__file_str_put
                0x00000000200353ae       0x14 c:\ncs\toolchains\b620d30767\opt\zephyr-sdk\riscv64-zephyr-elf\bin\../lib/gcc/../../picolibc/riscv64-zephyr-elf/lib/rv32emc_zicsr/ilp32e\libc.a(libc_tinystdio_filestrput.c.o)
                0x00000000200353ae                __file_str_put
 .text.memcpy   0x00000000200353c2       0x16 c:\ncs\toolchains\b620d30767\opt\zephyr-sdk\riscv64-zephyr-elf\bin\../lib/gcc/../../picolibc/riscv64-zephyr-elf/lib/rv32emc_zicsr/ilp32e\libc.a(memcpy-asm.S.o)
                0x00000000200353c2                memcpy
 .text.memmove  0x00000000200353d8       0x26 c:\ncs\toolchains\b620d30767\opt\zephyr-sdk\riscv64-zephyr-elf\bin\../lib/gcc/../../picolibc/riscv64-zephyr-elf/lib/rv32emc_zicsr/ilp32e\libc.a(memmove.S.o)
                0x00000000200353d8                memmove
 .text.memset   0x00000000200353fe       0x10 c:\ncs\toolchains\b620d30767\opt\zephyr-sdk\riscv64-zephyr-elf\bin\../lib/gcc/../../picolibc/riscv64-zephyr-elf/lib/rv32emc_zicsr/ilp32e\libc.a(memset.S.o)
                0x00000000200353fe                memset
 *(SORT_BY_ALIGNMENT(.gnu.linkonce.t.*))
                0x000000002003540e                __text_region_end = .
                0x000000002003540e                __rodata_region_start = .

initlevel       0x0000000020035410       0x68
                0x0000000020035410                __init_start = .
                0x0000000020035410                __init_EARLY_start = .
 *(SORT_BY_NAME(SORT_BY_ALIGNMENT(.z_init_EARLY?_*)))
 *(SORT_BY_NAME(SORT_BY_ALIGNMENT(.z_init_EARLY??_*)))
                0x0000000020035410                __init_PRE_KERNEL_1_start = .
 *(SORT_BY_NAME(SORT_BY_ALIGNMENT(.z_init_PRE_KERNEL_1?_*)))
 .z_init_PRE_KERNEL_10_0_
                0x0000000020035410        0x8 zephyr/soc/soc/nrf54l15/libsoc__nordic.a(soc.c.obj)
 .z_init_PRE_KERNEL_10_0_
                0x0000000020035418        0x8 zephyr/soc/soc/nrf54l15/libsoc__nordic.a(soc_init.c.obj)
 *(SORT_BY_NAME(SORT_BY_ALIGNMENT(.z_init_PRE_KERNEL_1??_*)))
 .z_init_PRE_KERNEL_130_0_
                0x0000000020035420        0x8 modules/segger/libmodules__segger.a(SEGGER_RTT_zephyr.c.obj)
 .z_init_PRE_KERNEL_130_0_
                0x0000000020035428        0x8 zephyr/kernel/libkernel.a(kheap.c.obj)
 .z_init_PRE_KERNEL_140_00009_
                0x0000000020035430        0x8 zephyr/drivers/gpio/libdrivers__gpio.a(gpio_nrfx.c.obj)
 .z_init_PRE_KERNEL_140_00011_
                0x0000000020035438        0x8 zephyr/drivers/gpio/libdrivers__gpio.a(gpio_nrfx.c.obj)
 .z_init_PRE_KERNEL_140_00022_
                0x0000000020035440        0x8 zephyr/drivers/gpio/libdrivers__gpio.a(gpio_nrfx.c.obj)
 .z_init_PRE_KERNEL_140_0_
                0x0000000020035448        0x8 zephyr/drivers/console/libdrivers__console.a(rtt_console.c.obj)
 .z_init_PRE_KERNEL_150_00096_
                0x0000000020035450        0x8 zephyr/drivers/serial/libdrivers__serial.a(uart_nrfx_uarte2.c.obj)
                0x0000000020035458                __init_PRE_KERNEL_2_start = .
 *(SORT_BY_NAME(SORT_BY_ALIGNMENT(.z_init_PRE_KERNEL_2?_*)))
 .z_init_PRE_KERNEL_20_0_
                0x0000000020035458        0x8 zephyr/drivers/timer/libdrivers__timer.a(nrf_grtc_timer.c.obj)
 *(SORT_BY_NAME(SORT_BY_ALIGNMENT(.z_init_PRE_KERNEL_2??_*)))
                0x0000000020035460                __init_POST_KERNEL_start = .
 *(SORT_BY_NAME(SORT_BY_ALIGNMENT(.z_init_POST_KERNEL?_*)))
 .z_init_POST_KERNEL0_0_
                0x0000000020035460        0x8 zephyr/libzephyr.a(log_core.c.obj)
 *(SORT_BY_NAME(SORT_BY_ALIGNMENT(.z_init_POST_KERNEL??_*)))
 .z_init_POST_KERNEL35_0_
                0x0000000020035468        0x8 zephyr/lib/libc/common/liblib__libc__common.a(malloc.c.obj)
 .z_init_POST_KERNEL40_0_
                0x0000000020035470        0x8 zephyr/kernel/libkernel.a(system_work_q.c.obj)
                0x0000000020035478                __init_APPLICATION_start = .
 *(SORT_BY_NAME(SORT_BY_ALIGNMENT(.z_init_APPLICATION?_*)))
 *(SORT_BY_NAME(SORT_BY_ALIGNMENT(.z_init_APPLICATION??_*)))
                0x0000000020035478                __init_SMP_start = .
 *(SORT_BY_NAME(SORT_BY_ALIGNMENT(.z_init_SMP?_*)))
 *(SORT_BY_NAME(SORT_BY_ALIGNMENT(.z_init_SMP??_*)))
                0x0000000020035478                __init_end = .
                0x0000000020035478                __deferred_init_list_start = .
 *(SORT_BY_ALIGNMENT(.z_deferred_init*))
                0x0000000020035478                __deferred_init_list_end = .

device_area     0x0000000020035478       0x50
                0x0000000020035478                _device_list_start = .
 *(SORT_BY_NAME(SORT_BY_ALIGNMENT(._device.static.*_?_*)))
 *(SORT_BY_NAME(SORT_BY_ALIGNMENT(._device.static.*_??_*)))
 ._device.static.1_40_
                0x0000000020035478       0x3c zephyr/drivers/gpio/libdrivers__gpio.a(gpio_nrfx.c.obj)
                0x0000000020035478                __device_dts_ord_11
                0x000000002003548c                __device_dts_ord_9
                0x00000000200354a0                __device_dts_ord_22
 ._device.static.1_50_
                0x00000000200354b4       0x14 zephyr/drivers/serial/libdrivers__serial.a(uart_nrfx_uarte2.c.obj)
                0x00000000200354b4                __device_dts_ord_96
                0x00000000200354c8                _device_list_end = .

sw_isr_table    0x00000000200354c8      0x930
                0x0000000020035500                . = ALIGN (0x40)
 *fill*         0x00000000200354c8       0x38 
 *(SORT_BY_ALIGNMENT(.gnu.linkonce.sw_isr_table*))
 .gnu.linkonce.sw_isr_table
                0x0000000020035500      0x8f8 zephyr/CMakeFiles/zephyr_final.dir/isr_tables.c.obj
                0x0000000020035500                _sw_isr_table

initlevel_error
                0x000000002003540e        0x0
 *(SORT_BY_NAME(SORT_BY_ALIGNMENT(.z_init_[_A-Z0-9]*)))
                0x0000000000000001                ASSERT ((SIZEOF (initlevel_error) == 0x0), Undefined initialization levels used.)

app_shmem_regions
                0x0000000020035df8        0x0
                0x0000000020035df8                __app_shmem_regions_start = .
 *(SORT_BY_NAME(SORT_BY_ALIGNMENT(.app_regions.*)))
                0x0000000020035df8                __app_shmem_regions_end = .

k_p4wq_initparam_area
                0x0000000020035df8        0x0
                0x0000000020035df8                _k_p4wq_initparam_list_start = .
 *(SORT_BY_NAME(SORT_BY_ALIGNMENT(._k_p4wq_initparam.static.*)))
                0x0000000020035df8                _k_p4wq_initparam_list_end = .

_static_thread_data_area
                0x0000000020035df8        0x0
                0x0000000020035df8                __static_thread_data_list_start = .
 *(SORT_BY_NAME(SORT_BY_ALIGNMENT(.__static_thread_data.static.*)))
                0x0000000020035df8                __static_thread_data_list_end = .

device_deps     0x0000000020035df8        0x0
                0x0000000020035df8                __device_deps_start = .
 *(SORT_BY_NAME(SORT_BY_ALIGNMENT(.__device_deps_pass2*)))
                0x0000000020035df8                __device_deps_end = .

gpio_driver_api_area
                0x0000000020035df8       0x24
                0x0000000020035df8                _gpio_driver_api_list_start = .
 *(SORT_BY_NAME(SORT_BY_ALIGNMENT(._gpio_driver_api.static.*)))
 ._gpio_driver_api.static.gpio_nrfx_drv_api_funcs_
                0x0000000020035df8       0x24 zephyr/drivers/gpio/libdrivers__gpio.a(gpio_nrfx.c.obj)
                0x0000000020035e1c                _gpio_driver_api_list_end = .

shared_irq_driver_api_area
                0x0000000020035e1c        0x0
                0x0000000020035e1c                _shared_irq_driver_api_list_start = .
 *(SORT_BY_NAME(SORT_BY_ALIGNMENT(._shared_irq_driver_api.static.*)))
                0x0000000020035e1c                _shared_irq_driver_api_list_end = .

crypto_driver_api_area
                0x0000000020035e1c        0x0
                0x0000000020035e1c                _crypto_driver_api_list_start = .
 *(SORT_BY_NAME(SORT_BY_ALIGNMENT(._crypto_driver_api.static.*)))
                0x0000000020035e1c                _crypto_driver_api_list_end = .

adc_driver_api_area
                0x0000000020035e1c        0x0
                0x0000000020035e1c                _adc_driver_api_list_start = .
 *(SORT_BY_NAME(SORT_BY_ALIGNMENT(._adc_driver_api.static.*)))
                0x0000000020035e1c                _adc_driver_api_list_end = .

auxdisplay_driver_api_area
                0x0000000020035e1c        0x0
                0x0000000020035e1c                _auxdisplay_driver_api_list_start = .
 *(SORT_BY_NAME(SORT_BY_ALIGNMENT(._auxdisplay_driver_api.static.*)))
                0x0000000020035e1c                _auxdisplay_driver_api_list_end = .

bbram_driver_api_area
                0x0000000020035e1c        0x0
                0x0000000020035e1c                _bbram_driver_api_list_start = .
 *(SORT_BY_NAME(SORT_BY_ALIGNMENT(._bbram_driver_api.static.*)))
                0x0000000020035e1c                _bbram_driver_api_list_end = .

bt_hci_driver_api_area
                0x0000000020035e1c        0x0
                0x0000000020035e1c                _bt_hci_driver_api_list_start = .
 *(SORT_BY_NAME(SORT_BY_ALIGNMENT(._bt_hci_driver_api.static.*)))
                0x0000000020035e1c                _bt_hci_driver_api_list_end = .

can_driver_api_area
                0x0000000020035e1c        0x0
                0x0000000020035e1c                _can_driver_api_list_start = .
 *(SORT_BY_NAME(SORT_BY_ALIGNMENT(._can_driver_api.static.*)))
                0x0000000020035e1c                _can_driver_api_list_end = .

cellular_driver_api_area
                0x0000000020035e1c        0x0
                0x0000000020035e1c                _cellular_driver_api_list_start = .
 *(SORT_BY_NAME(SORT_BY_ALIGNMENT(._cellular_driver_api.static.*)))
                0x0000000020035e1c                _cellular_driver_api_list_end = .

charger_driver_api_area
                0x0000000020035e1c        0x0
                0x0000000020035e1c                _charger_driver_api_list_start = .
 *(SORT_BY_NAME(SORT_BY_ALIGNMENT(._charger_driver_api.static.*)))
                0x0000000020035e1c                _charger_driver_api_list_end = .

clock_control_driver_api_area
                0x0000000020035e1c        0x0
                0x0000000020035e1c                _clock_control_driver_api_list_start = .
 *(SORT_BY_NAME(SORT_BY_ALIGNMENT(._clock_control_driver_api.static.*)))
                0x0000000020035e1c                _clock_control_driver_api_list_end = .

comparator_driver_api_area
                0x0000000020035e1c        0x0
                0x0000000020035e1c                _comparator_driver_api_list_start = .
 *(SORT_BY_NAME(SORT_BY_ALIGNMENT(._comparator_driver_api.static.*)))
                0x0000000020035e1c                _comparator_driver_api_list_end = .

coredump_driver_api_area
                0x0000000020035e1c        0x0
                0x0000000020035e1c                _coredump_driver_api_list_start = .
 *(SORT_BY_NAME(SORT_BY_ALIGNMENT(._coredump_driver_api.static.*)))
                0x0000000020035e1c                _coredump_driver_api_list_end = .

counter_driver_api_area
                0x0000000020035e1c        0x0
                0x0000000020035e1c                _counter_driver_api_list_start = .
 *(SORT_BY_NAME(SORT_BY_ALIGNMENT(._counter_driver_api.static.*)))
                0x0000000020035e1c                _counter_driver_api_list_end = .

dac_driver_api_area
                0x0000000020035e1c        0x0
                0x0000000020035e1c                _dac_driver_api_list_start = .
 *(SORT_BY_NAME(SORT_BY_ALIGNMENT(._dac_driver_api.static.*)))
                0x0000000020035e1c                _dac_driver_api_list_end = .

dai_driver_api_area
                0x0000000020035e1c        0x0
                0x0000000020035e1c                _dai_driver_api_list_start = .
 *(SORT_BY_NAME(SORT_BY_ALIGNMENT(._dai_driver_api.static.*)))
                0x0000000020035e1c                _dai_driver_api_list_end = .

display_driver_api_area
                0x0000000020035e1c        0x0
                0x0000000020035e1c                _display_driver_api_list_start = .
 *(SORT_BY_NAME(SORT_BY_ALIGNMENT(._display_driver_api.static.*)))
                0x0000000020035e1c                _display_driver_api_list_end = .

dma_driver_api_area
                0x0000000020035e1c        0x0
                0x0000000020035e1c                _dma_driver_api_list_start = .
 *(SORT_BY_NAME(SORT_BY_ALIGNMENT(._dma_driver_api.static.*)))
                0x0000000020035e1c                _dma_driver_api_list_end = .

edac_driver_api_area
                0x0000000020035e1c        0x0
                0x0000000020035e1c                _edac_driver_api_list_start = .
 *(SORT_BY_NAME(SORT_BY_ALIGNMENT(._edac_driver_api.static.*)))
                0x0000000020035e1c                _edac_driver_api_list_end = .

eeprom_driver_api_area
                0x0000000020035e1c        0x0
                0x0000000020035e1c                _eeprom_driver_api_list_start = .
 *(SORT_BY_NAME(SORT_BY_ALIGNMENT(._eeprom_driver_api.static.*)))
                0x0000000020035e1c                _eeprom_driver_api_list_end = .

emul_bbram_driver_api_area
                0x0000000020035e1c        0x0
                0x0000000020035e1c                _emul_bbram_driver_api_list_start = .
 *(SORT_BY_NAME(SORT_BY_ALIGNMENT(._emul_bbram_driver_api.static.*)))
                0x0000000020035e1c                _emul_bbram_driver_api_list_end = .

fuel_gauge_emul_driver_api_area
                0x0000000020035e1c        0x0
                0x0000000020035e1c                _fuel_gauge_emul_driver_api_list_start = .
 *(SORT_BY_NAME(SORT_BY_ALIGNMENT(._fuel_gauge_emul_driver_api.static.*)))
                0x0000000020035e1c                _fuel_gauge_emul_driver_api_list_end = .

emul_sensor_driver_api_area
                0x0000000020035e1c        0x0
                0x0000000020035e1c                _emul_sensor_driver_api_list_start = .
 *(SORT_BY_NAME(SORT_BY_ALIGNMENT(._emul_sensor_driver_api.static.*)))
                0x0000000020035e1c                _emul_sensor_driver_api_list_end = .

entropy_driver_api_area
                0x0000000020035e1c        0x0
                0x0000000020035e1c                _entropy_driver_api_list_start = .
 *(SORT_BY_NAME(SORT_BY_ALIGNMENT(._entropy_driver_api.static.*)))
                0x0000000020035e1c                _entropy_driver_api_list_end = .

espi_driver_api_area
                0x0000000020035e1c        0x0
                0x0000000020035e1c                _espi_driver_api_list_start = .
 *(SORT_BY_NAME(SORT_BY_ALIGNMENT(._espi_driver_api.static.*)))
                0x0000000020035e1c                _espi_driver_api_list_end = .

espi_saf_driver_api_area
                0x0000000020035e1c        0x0
                0x0000000020035e1c                _espi_saf_driver_api_list_start = .
 *(SORT_BY_NAME(SORT_BY_ALIGNMENT(._espi_saf_driver_api.static.*)))
                0x0000000020035e1c                _espi_saf_driver_api_list_end = .

flash_driver_api_area
                0x0000000020035e1c        0x0
                0x0000000020035e1c                _flash_driver_api_list_start = .
 *(SORT_BY_NAME(SORT_BY_ALIGNMENT(._flash_driver_api.static.*)))
                0x0000000020035e1c                _flash_driver_api_list_end = .

fpga_driver_api_area
                0x0000000020035e1c        0x0
                0x0000000020035e1c                _fpga_driver_api_list_start = .
 *(SORT_BY_NAME(SORT_BY_ALIGNMENT(._fpga_driver_api.static.*)))
                0x0000000020035e1c                _fpga_driver_api_list_end = .

fuel_gauge_driver_api_area
                0x0000000020035e1c        0x0
                0x0000000020035e1c                _fuel_gauge_driver_api_list_start = .
 *(SORT_BY_NAME(SORT_BY_ALIGNMENT(._fuel_gauge_driver_api.static.*)))
                0x0000000020035e1c                _fuel_gauge_driver_api_list_end = .

gnss_driver_api_area
                0x0000000020035e1c        0x0
                0x0000000020035e1c                _gnss_driver_api_list_start = .
 *(SORT_BY_NAME(SORT_BY_ALIGNMENT(._gnss_driver_api.static.*)))
                0x0000000020035e1c                _gnss_driver_api_list_end = .

haptics_driver_api_area
                0x0000000020035e1c        0x0
                0x0000000020035e1c                _haptics_driver_api_list_start = .
 *(SORT_BY_NAME(SORT_BY_ALIGNMENT(._haptics_driver_api.static.*)))
                0x0000000020035e1c                _haptics_driver_api_list_end = .

hwspinlock_driver_api_area
                0x0000000020035e1c        0x0
                0x0000000020035e1c                _hwspinlock_driver_api_list_start = .
 *(SORT_BY_NAME(SORT_BY_ALIGNMENT(._hwspinlock_driver_api.static.*)))
                0x0000000020035e1c                _hwspinlock_driver_api_list_end = .

i2c_driver_api_area
                0x0000000020035e1c        0x0
                0x0000000020035e1c                _i2c_driver_api_list_start = .
 *(SORT_BY_NAME(SORT_BY_ALIGNMENT(._i2c_driver_api.static.*)))
                0x0000000020035e1c                _i2c_driver_api_list_end = .

i2c_target_driver_api_area
                0x0000000020035e1c        0x0
                0x0000000020035e1c                _i2c_target_driver_api_list_start = .
 *(SORT_BY_NAME(SORT_BY_ALIGNMENT(._i2c_target_driver_api.static.*)))
                0x0000000020035e1c                _i2c_target_driver_api_list_end = .

i2s_driver_api_area
                0x0000000020035e1c        0x0
                0x0000000020035e1c                _i2s_driver_api_list_start = .
 *(SORT_BY_NAME(SORT_BY_ALIGNMENT(._i2s_driver_api.static.*)))
                0x0000000020035e1c                _i2s_driver_api_list_end = .

i3c_driver_api_area
                0x0000000020035e1c        0x0
                0x0000000020035e1c                _i3c_driver_api_list_start = .
 *(SORT_BY_NAME(SORT_BY_ALIGNMENT(._i3c_driver_api.static.*)))
                0x0000000020035e1c                _i3c_driver_api_list_end = .

ipm_driver_api_area
                0x0000000020035e1c        0x0
                0x0000000020035e1c                _ipm_driver_api_list_start = .
 *(SORT_BY_NAME(SORT_BY_ALIGNMENT(._ipm_driver_api.static.*)))
                0x0000000020035e1c                _ipm_driver_api_list_end = .

kscan_driver_api_area
                0x0000000020035e1c        0x0
                0x0000000020035e1c                _kscan_driver_api_list_start = .
 *(SORT_BY_NAME(SORT_BY_ALIGNMENT(._kscan_driver_api.static.*)))
                0x0000000020035e1c                _kscan_driver_api_list_end = .

led_driver_api_area
                0x0000000020035e1c        0x0
                0x0000000020035e1c                _led_driver_api_list_start = .
 *(SORT_BY_NAME(SORT_BY_ALIGNMENT(._led_driver_api.static.*)))
                0x0000000020035e1c                _led_driver_api_list_end = .

led_strip_driver_api_area
                0x0000000020035e1c        0x0
                0x0000000020035e1c                _led_strip_driver_api_list_start = .
 *(SORT_BY_NAME(SORT_BY_ALIGNMENT(._led_strip_driver_api.static.*)))
                0x0000000020035e1c                _led_strip_driver_api_list_end = .

lora_driver_api_area
                0x0000000020035e1c        0x0
                0x0000000020035e1c                _lora_driver_api_list_start = .
 *(SORT_BY_NAME(SORT_BY_ALIGNMENT(._lora_driver_api.static.*)))
                0x0000000020035e1c                _lora_driver_api_list_end = .

mbox_driver_api_area
                0x0000000020035e1c        0x0
                0x0000000020035e1c                _mbox_driver_api_list_start = .
 *(SORT_BY_NAME(SORT_BY_ALIGNMENT(._mbox_driver_api.static.*)))
                0x0000000020035e1c                _mbox_driver_api_list_end = .

mdio_driver_api_area
                0x0000000020035e1c        0x0
                0x0000000020035e1c                _mdio_driver_api_list_start = .
 *(SORT_BY_NAME(SORT_BY_ALIGNMENT(._mdio_driver_api.static.*)))
                0x0000000020035e1c                _mdio_driver_api_list_end = .

mipi_dbi_driver_api_area
                0x0000000020035e1c        0x0
                0x0000000020035e1c                _mipi_dbi_driver_api_list_start = .
 *(SORT_BY_NAME(SORT_BY_ALIGNMENT(._mipi_dbi_driver_api.static.*)))
                0x0000000020035e1c                _mipi_dbi_driver_api_list_end = .

mipi_dsi_driver_api_area
                0x0000000020035e1c        0x0
                0x0000000020035e1c                _mipi_dsi_driver_api_list_start = .
 *(SORT_BY_NAME(SORT_BY_ALIGNMENT(._mipi_dsi_driver_api.static.*)))
                0x0000000020035e1c                _mipi_dsi_driver_api_list_end = .

mspi_driver_api_area
                0x0000000020035e1c        0x0
                0x0000000020035e1c                _mspi_driver_api_list_start = .
 *(SORT_BY_NAME(SORT_BY_ALIGNMENT(._mspi_driver_api.static.*)))
                0x0000000020035e1c                _mspi_driver_api_list_end = .

peci_driver_api_area
                0x0000000020035e1c        0x0
                0x0000000020035e1c                _peci_driver_api_list_start = .
 *(SORT_BY_NAME(SORT_BY_ALIGNMENT(._peci_driver_api.static.*)))
                0x0000000020035e1c                _peci_driver_api_list_end = .

ps2_driver_api_area
                0x0000000020035e1c        0x0
                0x0000000020035e1c                _ps2_driver_api_list_start = .
 *(SORT_BY_NAME(SORT_BY_ALIGNMENT(._ps2_driver_api.static.*)))
                0x0000000020035e1c                _ps2_driver_api_list_end = .

ptp_clock_driver_api_area
                0x0000000020035e1c        0x0
                0x0000000020035e1c                _ptp_clock_driver_api_list_start = .
 *(SORT_BY_NAME(SORT_BY_ALIGNMENT(._ptp_clock_driver_api.static.*)))
                0x0000000020035e1c                _ptp_clock_driver_api_list_end = .

pwm_driver_api_area
                0x0000000020035e1c        0x0
                0x0000000020035e1c                _pwm_driver_api_list_start = .
 *(SORT_BY_NAME(SORT_BY_ALIGNMENT(._pwm_driver_api.static.*)))
                0x0000000020035e1c                _pwm_driver_api_list_end = .

regulator_parent_driver_api_area
                0x0000000020035e1c        0x0
                0x0000000020035e1c                _regulator_parent_driver_api_list_start = .
 *(SORT_BY_NAME(SORT_BY_ALIGNMENT(._regulator_parent_driver_api.static.*)))
                0x0000000020035e1c                _regulator_parent_driver_api_list_end = .

regulator_driver_api_area
                0x0000000020035e1c        0x0
                0x0000000020035e1c                _regulator_driver_api_list_start = .
 *(SORT_BY_NAME(SORT_BY_ALIGNMENT(._regulator_driver_api.static.*)))
                0x0000000020035e1c                _regulator_driver_api_list_end = .

reset_driver_api_area
                0x0000000020035e1c        0x0
                0x0000000020035e1c                _reset_driver_api_list_start = .
 *(SORT_BY_NAME(SORT_BY_ALIGNMENT(._reset_driver_api.static.*)))
                0x0000000020035e1c                _reset_driver_api_list_end = .

retained_mem_driver_api_area
                0x0000000020035e1c        0x0
                0x0000000020035e1c                _retained_mem_driver_api_list_start = .
 *(SORT_BY_NAME(SORT_BY_ALIGNMENT(._retained_mem_driver_api.static.*)))
                0x0000000020035e1c                _retained_mem_driver_api_list_end = .

rtc_driver_api_area
                0x0000000020035e1c        0x0
                0x0000000020035e1c                _rtc_driver_api_list_start = .
 *(SORT_BY_NAME(SORT_BY_ALIGNMENT(._rtc_driver_api.static.*)))
                0x0000000020035e1c                _rtc_driver_api_list_end = .

sdhc_driver_api_area
                0x0000000020035e1c        0x0
                0x0000000020035e1c                _sdhc_driver_api_list_start = .
 *(SORT_BY_NAME(SORT_BY_ALIGNMENT(._sdhc_driver_api.static.*)))
                0x0000000020035e1c                _sdhc_driver_api_list_end = .

sensor_driver_api_area
                0x0000000020035e1c        0x0
                0x0000000020035e1c                _sensor_driver_api_list_start = .
 *(SORT_BY_NAME(SORT_BY_ALIGNMENT(._sensor_driver_api.static.*)))
                0x0000000020035e1c                _sensor_driver_api_list_end = .

smbus_driver_api_area
                0x0000000020035e1c        0x0
                0x0000000020035e1c                _smbus_driver_api_list_start = .
 *(SORT_BY_NAME(SORT_BY_ALIGNMENT(._smbus_driver_api.static.*)))
                0x0000000020035e1c                _smbus_driver_api_list_end = .

spi_driver_api_area
                0x0000000020035e1c        0x0
                0x0000000020035e1c                _spi_driver_api_list_start = .
 *(SORT_BY_NAME(SORT_BY_ALIGNMENT(._spi_driver_api.static.*)))
                0x0000000020035e1c                _spi_driver_api_list_end = .

stepper_driver_api_area
                0x0000000020035e1c        0x0
                0x0000000020035e1c                _stepper_driver_api_list_start = .
 *(SORT_BY_NAME(SORT_BY_ALIGNMENT(._stepper_driver_api.static.*)))
                0x0000000020035e1c                _stepper_driver_api_list_end = .

syscon_driver_api_area
                0x0000000020035e1c        0x0
                0x0000000020035e1c                _syscon_driver_api_list_start = .
 *(SORT_BY_NAME(SORT_BY_ALIGNMENT(._syscon_driver_api.static.*)))
                0x0000000020035e1c                _syscon_driver_api_list_end = .

tee_driver_api_area
                0x0000000020035e1c        0x0
                0x0000000020035e1c                _tee_driver_api_list_start = .
 *(SORT_BY_NAME(SORT_BY_ALIGNMENT(._tee_driver_api.static.*)))
                0x0000000020035e1c                _tee_driver_api_list_end = .

video_driver_api_area
                0x0000000020035e1c        0x0
                0x0000000020035e1c                _video_driver_api_list_start = .
 *(SORT_BY_NAME(SORT_BY_ALIGNMENT(._video_driver_api.static.*)))
                0x0000000020035e1c                _video_driver_api_list_end = .

w1_driver_api_area
                0x0000000020035e1c        0x0
                0x0000000020035e1c                _w1_driver_api_list_start = .
 *(SORT_BY_NAME(SORT_BY_ALIGNMENT(._w1_driver_api.static.*)))
                0x0000000020035e1c                _w1_driver_api_list_end = .

wdt_driver_api_area
                0x0000000020035e1c        0x0
                0x0000000020035e1c                _wdt_driver_api_list_start = .
 *(SORT_BY_NAME(SORT_BY_ALIGNMENT(._wdt_driver_api.static.*)))
                0x0000000020035e1c                _wdt_driver_api_list_end = .

can_transceiver_driver_api_area
                0x0000000020035e1c        0x0
                0x0000000020035e1c                _can_transceiver_driver_api_list_start = .
 *(SORT_BY_NAME(SORT_BY_ALIGNMENT(._can_transceiver_driver_api.static.*)))
                0x0000000020035e1c                _can_transceiver_driver_api_list_end = .

nrf_clock_control_driver_api_area
                0x0000000020035e1c        0x0
                0x0000000020035e1c                _nrf_clock_control_driver_api_list_start = .
 *(SORT_BY_NAME(SORT_BY_ALIGNMENT(._nrf_clock_control_driver_api.static.*)))